Archive member included to satisfy reference by file (symbol)

c:/st/stm32cubeide_1.11.0/stm32cubeide/plugins/com.st.stm32cube.ide.mcu.externaltools.gnu-tools-for-stm32.10.3-2021.10.win32_1.0.100.202210260954/tools/bin/../lib/gcc/arm-none-eabi/10.3.1/../../../../arm-none-eabi/lib/thumb/v7e-m+fp/hard\libc_nano.a(lib_a-atoi.o)
                              ./Core/Src/main.o (atoi)
c:/st/stm32cubeide_1.11.0/stm32cubeide/plugins/com.st.stm32cube.ide.mcu.externaltools.gnu-tools-for-stm32.10.3-2021.10.win32_1.0.100.202210260954/tools/bin/../lib/gcc/arm-none-eabi/10.3.1/../../../../arm-none-eabi/lib/thumb/v7e-m+fp/hard\libc_nano.a(lib_a-atol.o)
                              ./Core/Src/main.o (atol)
c:/st/stm32cubeide_1.11.0/stm32cubeide/plugins/com.st.stm32cube.ide.mcu.externaltools.gnu-tools-for-stm32.10.3-2021.10.win32_1.0.100.202210260954/tools/bin/../lib/gcc/arm-none-eabi/10.3.1/../../../../arm-none-eabi/lib/thumb/v7e-m+fp/hard\libc_nano.a(lib_a-errno.o)
                              ./Core/Src/syscalls.o (__errno)
c:/st/stm32cubeide_1.11.0/stm32cubeide/plugins/com.st.stm32cube.ide.mcu.externaltools.gnu-tools-for-stm32.10.3-2021.10.win32_1.0.100.202210260954/tools/bin/../lib/gcc/arm-none-eabi/10.3.1/../../../../arm-none-eabi/lib/thumb/v7e-m+fp/hard\libc_nano.a(lib_a-exit.o)
                              c:/st/stm32cubeide_1.11.0/stm32cubeide/plugins/com.st.stm32cube.ide.mcu.externaltools.gnu-tools-for-stm32.10.3-2021.10.win32_1.0.100.202210260954/tools/bin/../lib/gcc/arm-none-eabi/10.3.1/../../../../arm-none-eabi/lib/thumb/v7e-m+fp/hard/crt0.o (exit)
c:/st/stm32cubeide_1.11.0/stm32cubeide/plugins/com.st.stm32cube.ide.mcu.externaltools.gnu-tools-for-stm32.10.3-2021.10.win32_1.0.100.202210260954/tools/bin/../lib/gcc/arm-none-eabi/10.3.1/../../../../arm-none-eabi/lib/thumb/v7e-m+fp/hard\libc_nano.a(lib_a-findfp.o)
                              ./Middlewares/Third_Party/FreeRTOS/Source/tasks.o (__sf_fake_stderr)
c:/st/stm32cubeide_1.11.0/stm32cubeide/plugins/com.st.stm32cube.ide.mcu.externaltools.gnu-tools-for-stm32.10.3-2021.10.win32_1.0.100.202210260954/tools/bin/../lib/gcc/arm-none-eabi/10.3.1/../../../../arm-none-eabi/lib/thumb/v7e-m+fp/hard\libc_nano.a(lib_a-fwalk.o)
                              c:/st/stm32cubeide_1.11.0/stm32cubeide/plugins/com.st.stm32cube.ide.mcu.externaltools.gnu-tools-for-stm32.10.3-2021.10.win32_1.0.100.202210260954/tools/bin/../lib/gcc/arm-none-eabi/10.3.1/../../../../arm-none-eabi/lib/thumb/v7e-m+fp/hard\libc_nano.a(lib_a-findfp.o) (_fwalk)
c:/st/stm32cubeide_1.11.0/stm32cubeide/plugins/com.st.stm32cube.ide.mcu.externaltools.gnu-tools-for-stm32.10.3-2021.10.win32_1.0.100.202210260954/tools/bin/../lib/gcc/arm-none-eabi/10.3.1/../../../../arm-none-eabi/lib/thumb/v7e-m+fp/hard\libc_nano.a(lib_a-impure.o)
                              c:/st/stm32cubeide_1.11.0/stm32cubeide/plugins/com.st.stm32cube.ide.mcu.externaltools.gnu-tools-for-stm32.10.3-2021.10.win32_1.0.100.202210260954/tools/bin/../lib/gcc/arm-none-eabi/10.3.1/../../../../arm-none-eabi/lib/thumb/v7e-m+fp/hard\libc_nano.a(lib_a-exit.o) (_global_impure_ptr)
c:/st/stm32cubeide_1.11.0/stm32cubeide/plugins/com.st.stm32cube.ide.mcu.externaltools.gnu-tools-for-stm32.10.3-2021.10.win32_1.0.100.202210260954/tools/bin/../lib/gcc/arm-none-eabi/10.3.1/../../../../arm-none-eabi/lib/thumb/v7e-m+fp/hard\libc_nano.a(lib_a-init.o)
                              c:/st/stm32cubeide_1.11.0/stm32cubeide/plugins/com.st.stm32cube.ide.mcu.externaltools.gnu-tools-for-stm32.10.3-2021.10.win32_1.0.100.202210260954/tools/bin/../lib/gcc/arm-none-eabi/10.3.1/../../../../arm-none-eabi/lib/thumb/v7e-m+fp/hard/crt0.o (__libc_init_array)
c:/st/stm32cubeide_1.11.0/stm32cubeide/plugins/com.st.stm32cube.ide.mcu.externaltools.gnu-tools-for-stm32.10.3-2021.10.win32_1.0.100.202210260954/tools/bin/../lib/gcc/arm-none-eabi/10.3.1/../../../../arm-none-eabi/lib/thumb/v7e-m+fp/hard\libc_nano.a(lib_a-lock.o)
                              c:/st/stm32cubeide_1.11.0/stm32cubeide/plugins/com.st.stm32cube.ide.mcu.externaltools.gnu-tools-for-stm32.10.3-2021.10.win32_1.0.100.202210260954/tools/bin/../lib/gcc/arm-none-eabi/10.3.1/../../../../arm-none-eabi/lib/thumb/v7e-m+fp/hard\libc_nano.a(lib_a-findfp.o) (__retarget_lock_init_recursive)
c:/st/stm32cubeide_1.11.0/stm32cubeide/plugins/com.st.stm32cube.ide.mcu.externaltools.gnu-tools-for-stm32.10.3-2021.10.win32_1.0.100.202210260954/tools/bin/../lib/gcc/arm-none-eabi/10.3.1/../../../../arm-none-eabi/lib/thumb/v7e-m+fp/hard\libc_nano.a(lib_a-malloc.o)
                              ./Core/Src/File_Handling.o (malloc)
c:/st/stm32cubeide_1.11.0/stm32cubeide/plugins/com.st.stm32cube.ide.mcu.externaltools.gnu-tools-for-stm32.10.3-2021.10.win32_1.0.100.202210260954/tools/bin/../lib/gcc/arm-none-eabi/10.3.1/../../../../arm-none-eabi/lib/thumb/v7e-m+fp/hard\libc_nano.a(lib_a-memcpy-stub.o)
                              ./Core/Src/main.o (memcpy)
[...]
Memory Configuration

Name             Origin             Length             Attributes
RAM              0x0000000020000000 0x0000000000018000 xrw
FLASH            0x0000000008000000 0x0000000000080000 xr
*default*        0x0000000000000000 0xffffffffffffffff

Linker script and memory map

LOAD c:/st/stm32cubeide_1.11.0/stm32cubeide/plugins/com.st.stm32cube.ide.mcu.externaltools.gnu-tools-for-stm32.10.3-2021.10.win32_1.0.100.202210260954/tools/bin/../lib/gcc/arm-none-eabi/10.3.1/thumb/v7e-m+fp/hard/crti.o
LOAD c:/st/stm32cubeide_1.11.0/stm32cubeide/plugins/com.st.stm32cube.ide.mcu.externaltools.gnu-tools-for-stm32.10.3-2021.10.win32_1.0.100.202210260954/tools/bin/../lib/gcc/arm-none-eabi/10.3.1/thumb/v7e-m+fp/hard/crtbegin.o
LOAD c:/st/stm32cubeide_1.11.0/stm32cubeide/plugins/com.st.stm32cube.ide.mcu.externaltools.gnu-tools-for-stm32.10.3-2021.10.win32_1.0.100.202210260954/tools/bin/../lib/gcc/arm-none-eabi/10.3.1/../../../../arm-none-eabi/lib/thumb/v7e-m+fp/hard/crt0.o
LOAD ./Core/Src/ADXL345.o
LOAD ./Core/Src/File_Handling.o
LOAD ./Core/Src/L3G4200D.o
LOAD ./Core/Src/MPU9250.o
LOAD ./Core/Src/MS5611.o
LOAD ./Core/Src/ds18b20.o
LOAD ./Core/Src/freertos.o
LOAD ./Core/Src/gpio.o
LOAD ./Core/Src/lora_sx1276.o
LOAD ./Core/Src/main.o
LOAD ./Core/Src/mmc5883.o
LOAD ./Core/Src/mpu9255.o
LOAD ./Core/Src/onewire.o
LOAD ./Core/Src/stm32f4xx_hal_msp.o
LOAD ./Core/Src/stm32f4xx_hal_timebase_tim.o
LOAD ./Core/Src/stm32f4xx_it.o
LOAD ./Core/Src/syscalls.o
LOAD ./Core/Src/sysmem.o
LOAD ./Core/Src/system_stm32f4xx.o
LOAD ./Core/Src/tim.o
LOAD ./Core/Src/w25qxx.o
LOAD ./Core/Startup/startup_stm32f401retx.o
LOAD ./Drivers/STM32F4xx_HAL_Driver/Src/stm32f4xx_hal.o
LOAD ./Drivers/STM32F4xx_HAL_Driver/Src/stm32f4xx_hal_adc.o
LOAD ./Drivers/STM32F4xx_HAL_Driver/Src/stm32f4xx_hal_adc_ex.o
LOAD ./Drivers/STM32F4xx_HAL_Driver/Src/stm32f4xx_hal_cortex.o
LOAD ./Drivers/STM32F4xx_HAL_Driver/Src/stm32f4xx_hal_dma.o
LOAD ./Drivers/STM32F4xx_HAL_Driver/Src/stm32f4xx_hal_dma_ex.o
LOAD ./Drivers/STM32F4xx_HAL_Driver/Src/stm32f4xx_hal_exti.o
LOAD ./Drivers/STM32F4xx_HAL_Driver/Src/stm32f4xx_hal_flash.o
LOAD ./Drivers/STM32F4xx_HAL_Driver/Src/stm32f4xx_hal_flash_ex.o
LOAD ./Drivers/STM32F4xx_HAL_Driver/Src/stm32f4xx_hal_flash_ramfunc.o
LOAD ./Drivers/STM32F4xx_HAL_Driver/Src/stm32f4xx_hal_gpio.o
LOAD ./Drivers/STM32F4xx_HAL_Driver/Src/stm32f4xx_hal_i2c.o
LOAD ./Drivers/STM32F4xx_HAL_Driver/Src/stm32f4xx_hal_i2c_ex.o
LOAD ./Drivers/STM32F4xx_HAL_Driver/Src/stm32f4xx_hal_pcd.o
LOAD ./Drivers/STM32F4xx_HAL_Driver/Src/stm32f4xx_hal_pcd_ex.o
LOAD ./Drivers/STM32F4xx_HAL_Driver/Src/stm32f4xx_hal_pwr.o
LOAD ./Drivers/STM32F4xx_HAL_Driver/Src/stm32f4xx_hal_pwr_ex.o
LOAD ./Drivers/STM32F4xx_HAL_Driver/Src/stm32f4xx_hal_rcc.o
LOAD ./Drivers/STM32F4xx_HAL_Driver/Src/stm32f4xx_hal_rcc_ex.o
LOAD ./Drivers/STM32F4xx_HAL_Driver/Src/stm32f4xx_hal_sd.o
LOAD ./Drivers/STM32F4xx_HAL_Driver/Src/stm32f4xx_hal_spi.o
LOAD ./Drivers/STM32F4xx_HAL_Driver/Src/stm32f4xx_hal_tim.o
LOAD ./Drivers/STM32F4xx_HAL_Driver/Src/stm32f4xx_hal_tim_ex.o
LOAD ./Drivers/STM32F4xx_HAL_Driver/Src/stm32f4xx_hal_uart.o
LOAD ./Drivers/STM32F4xx_HAL_Driver/Src/stm32f4xx_ll_adc.o
LOAD ./Drivers/STM32F4xx_HAL_Driver/Src/stm32f4xx_ll_sdmmc.o
LOAD ./Drivers/STM32F4xx_HAL_Driver/Src/stm32f4xx_ll_usb.o
LOAD ./FATFS/App/fatfs.o
LOAD ./FATFS/Target/bsp_driver_sd.o
LOAD ./FATFS/Target/fatfs_platform.o
LOAD ./FATFS/Target/sd_diskio.o
LOAD ./Middlewares/ST/STM32_USB_Device_Library/Class/CDC/Src/usbd_cdc.o
LOAD ./Middlewares/ST/STM32_USB_Device_Library/Core/Src/usbd_core.o
LOAD ./Middlewares/ST/STM32_USB_Device_Library/Core/Src/usbd_ctlreq.o
LOAD ./Middlewares/ST/STM32_USB_Device_Library/Core/Src/usbd_ioreq.o
LOAD ./Middlewares/Third_Party/FatFs/src/diskio.o
LOAD ./Middlewares/Third_Party/FatFs/src/ff.o
LOAD ./Middlewares/Third_Party/FatFs/src/ff_gen_drv.o
LOAD ./Middlewares/Third_Party/FatFs/src/option/ccsbcs.o
LOAD ./Middlewares/Third_Party/FatFs/src/option/syscall.o
LOAD ./Middlewares/Third_Party/FreeRTOS/Source/CMSIS_RTOS/cmsis_os.o
LOAD ./Middlewares/Third_Party/FreeRTOS/Source/croutine.o
LOAD ./Middlewares/Third_Party/FreeRTOS/Source/event_groups.o
LOAD ./Middlewares/Third_Party/FreeRTOS/Source/list.o
LOAD ./Middlewares/Third_Party/FreeRTOS/Source/queue.o
LOAD ./Middlewares/Third_Party/FreeRTOS/Source/stream_buffer.o
LOAD ./Middlewares/Third_Party/FreeRTOS/Source/tasks.o
LOAD ./Middlewares/Third_Party/FreeRTOS/Source/timers.o
LOAD ./Middlewares/Third_Party/FreeRTOS/Source/portable/GCC/ARM_CM4F/port.o
LOAD ./Middlewares/Third_Party/FreeRTOS/Source/portable/MemMang/heap_4.o
LOAD ./USB_DEVICE/App/usb_device.o
LOAD ./USB_DEVICE/App/usbd_cdc_if.o
LOAD ./USB_DEVICE/App/usbd_desc.o
LOAD ./USB_DEVICE/Target/usbd_conf.o
START GROUP
LOAD c:/st/stm32cubeide_1.11.0/stm32cubeide/plugins/com.st.stm32cube.ide.mcu.externaltools.gnu-tools-for-stm32.10.3-2021.10.win32_1.0.100.202210260954/tools/bin/../lib/gcc/arm-none-eabi/10.3.1/../../../../arm-none-eabi/lib/thumb/v7e-m+fp/hard\libc_nano.a
LOAD c:/st/stm32cubeide_1.11.0/stm32cubeide/plugins/com.st.stm32cube.ide.mcu.externaltools.gnu-tools-for-stm32.10.3-2021.10.win32_1.0.100.202210260954/tools/bin/../lib/gcc/arm-none-eabi/10.3.1/../../../../arm-none-eabi/lib/thumb/v7e-m+fp/hard\libm.a
END GROUP
START GROUP
LOAD c:/st/stm32cubeide_1.11.0/stm32cubeide/plugins/com.st.stm32cube.ide.mcu.externaltools.gnu-tools-for-stm32.10.3-2021.10.win32_1.0.100.202210260954/tools/bin/../lib/gcc/arm-none-eabi/10.3.1/thumb/v7e-m+fp/hard\libgcc.a
LOAD c:/st/stm32cubeide_1.11.0/stm32cubeide/plugins/com.st.stm32cube.ide.mcu.externaltools.gnu-tools-for-stm32.10.3-2021.10.win32_1.0.100.202210260954/tools/bin/../lib/gcc/arm-none-eabi/10.3.1/../../../../arm-none-eabi/lib/thumb/v7e-m+fp/hard\libc_nano.a
END GROUP
START GROUP
LOAD c:/st/stm32cubeide_1.11.0/stm32cubeide/plugins/com.st.stm32cube.ide.mcu.externaltools.gnu-tools-for-stm32.10.3-2021.10.win32_1.0.100.202210260954/tools/bin/../lib/gcc/arm-none-eabi/10.3.1/thumb/v7e-m+fp/hard\libgcc.a
LOAD c:/st/stm32cubeide_1.11.0/stm32cubeide/plugins/com.st.stm32cube.ide.mcu.externaltools.gnu-tools-for-stm32.10.3-2021.10.win32_1.0.100.202210260954/tools/bin/../lib/gcc/arm-none-eabi/10.3.1/../../../../arm-none-eabi/lib/thumb/v7e-m+fp/hard\libc_nano.a
LOAD c:/st/stm32cubeide_1.11.0/stm32cubeide/plugins/com.st.stm32cube.ide.mcu.externaltools.gnu-tools-for-stm32.10.3-2021.10.win32_1.0.100.202210260954/tools/bin/../lib/gcc/arm-none-eabi/10.3.1/../../../../arm-none-eabi/lib/thumb/v7e-m+fp/hard\libnosys.a
END GROUP
START GROUP
LOAD c:/st/stm32cubeide_1.11.0/stm32cubeide/plugins/com.st.stm32cube.ide.mcu.externaltools.gnu-tools-for-stm32.10.3-2021.10.win32_1.0.100.202210260954/tools/bin/../lib/gcc/arm-none-eabi/10.3.1/thumb/v7e-m+fp/hard\libgcc.a
LOAD c:/st/stm32cubeide_1.11.0/stm32cubeide/plugins/com.st.stm32cube.ide.mcu.externaltools.gnu-tools-for-stm32.10.3-2021.10.win32_1.0.100.202210260954/tools/bin/../lib/gcc/arm-none-eabi/10.3.1/../../../../arm-none-eabi/lib/thumb/v7e-m+fp/hard\libc_nano.a
LOAD c:/st/stm32cubeide_1.11.0/stm32cubeide/plugins/com.st.stm32cube.ide.mcu.externaltools.gnu-tools-for-stm32.10.3-2021.10.win32_1.0.100.202210260954/tools/bin/../lib/gcc/arm-none-eabi/10.3.1/../../../../arm-none-eabi/lib/thumb/v7e-m+fp/hard\libnosys.a
END GROUP
LOAD c:/st/stm32cubeide_1.11.0/stm32cubeide/plugins/com.st.stm32cube.ide.mcu.externaltools.gnu-tools-for-stm32.10.3-2021.10.win32_1.0.100.202210260954/tools/bin/../lib/gcc/arm-none-eabi/10.3.1/thumb/v7e-m+fp/hard/crtend.o
LOAD c:/st/stm32cubeide_1.11.0/stm32cubeide/plugins/com.st.stm32cube.ide.mcu.externaltools.gnu-tools-for-stm32.10.3-2021.10.win32_1.0.100.202210260954/tools/bin/../lib/gcc/arm-none-eabi/10.3.1/thumb/v7e-m+fp/hard/crtn.o
                0x0000000020018000                _estack = (ORIGIN (RAM) + LENGTH (RAM))
                0x0000000000002000                _Min_Heap_Size = 0x2000
                0x0000000000004000                _Min_Stack_Size = 0x4000

.isr_vector     0x0000000008000000      0x194
                0x0000000008000000                . = ALIGN (0x4)
 *(.isr_vector)
 .isr_vector    0x0000000008000000      0x194 ./Core/Startup/startup_stm32f401retx.o
                0x0000000008000000                g_pfnVectors
                0x0000000008000194                . = ALIGN (0x4)

.text           0x00000000080001a0    0x12c8c
                0x00000000080001a0                . = ALIGN (0x4)
 *(.text)
 .text          0x00000000080001a0       0x40 c:/st/stm32cubeide_1.11.0/stm32cubeide/plugins/com.st.stm32cube.ide.mcu.externaltools.gnu-tools-for-stm32.10.3-2021.10.win32_1.0.100.202210260954/tools/bin/../lib/gcc/arm-none-eabi/10.3.1/thumb/v7e-m+fp/hard/crtbegin.o
 .text          0x00000000080001e0       0x10 c:/st/stm32cubeide_1.11.0/stm32cubeide/plugins/com.st.stm32cube.ide.mcu.externaltools.gnu-tools-for-stm32.10.3-2021.10.win32_1.0.100.202210260954/tools/bin/../lib/gcc/arm-none-eabi/10.3.1/../../../../arm-none-eabi/lib/thumb/v7e-m+fp/hard\libc_nano.a(lib_a-strlen.o)
                0x00000000080001e0                strlen
 .text          0x00000000080001f0       0xa0 c:/st/stm32cubeide_1.11.0/stm32cubeide/plugins/com.st.stm32cube.ide.mcu.externaltools.gnu-tools-for-stm32.10.3-2021.10.win32_1.0.100.202210260954/tools/bin/../lib/gcc/arm-none-eabi/10.3.1/../../../../arm-none-eabi/lib/thumb/v7e-m+fp/hard\libc_nano.a(lib_a-memchr.o)
                0x00000000080001f0                memchr
 .text          0x0000000008000290      0x378 c:/st/stm32cubeide_1.11.0/stm32cubeide/plugins/com.st.stm32cube.ide.mcu.externaltools.gnu-tools-for-stm32.10.3-2021.10.win32_1.0.100.202210260954/tools/bin/../lib/gcc/arm-none-eabi/10.3.1/thumb/v7e-m+fp/hard\libgcc.a(_arm_addsubdf3.o)
                0x0000000008000290                __aeabi_drsub
                0x0000000008000298                __aeabi_dsub
                0x0000000008000298                __subdf3
                0x000000000800029c                __aeabi_dadd
                0x000000000800029c                __adddf3
                0x0000000008000514                __floatunsidf
                0x0000000008000514                __aeabi_ui2d
                0x0000000008000534                __floatsidf
                0x0000000008000534                __aeabi_i2d
                0x0000000008000558                __aeabi_f2d
                0x0000000008000558                __extendsfdf2
                0x000000000800059c                __floatundidf
                0x000000000800059c                __aeabi_ul2d
                0x00000000080005ac                __floatdidf
                0x00000000080005ac                __aeabi_l2d
 .text          0x0000000008000608      0x424 c:/st/stm32cubeide_1.11.0/stm32cubeide/plugins/com.st.stm32cube.ide.mcu.externaltools.gnu-tools-for-stm32.10.3-2021.10.win32_1.0.100.202210260954/tools/bin/../lib/gcc/arm-none-eabi/10.3.1/thumb/v7e-m+fp/hard\libgcc.a(_arm_muldivdf3.o)
                0x0000000008000608                __aeabi_dmul
                0x0000000008000608                __muldf3
                0x000000000800085c                __divdf3
                0x000000000800085c                __aeabi_ddiv
 .text          0x0000000008000a2c      0x110 c:/st/stm32cubeide_1.11.0/stm32cubeide/plugins/com.st.stm32cube.ide.mcu.externaltools.gnu-tools-for-stm32.10.3-2021.10.win32_1.0.100.202210260954/tools/bin/../lib/gcc/arm-none-eabi/10.3.1/thumb/v7e-m+fp/hard\libgcc.a(_arm_cmpdf2.o)
                0x0000000008000a2c                __gtdf2
                0x0000000008000a2c                __gedf2
                0x0000000008000a34                __ltdf2
                0x0000000008000a34                __ledf2
                0x0000000008000a3c                __nedf2
                0x0000000008000a3c                __eqdf2
                0x0000000008000a3c                __cmpdf2
                0x0000000008000ab8                __aeabi_cdrcmple
                0x0000000008000ac8                __aeabi_cdcmpeq
                0x0000000008000ac8                __aeabi_cdcmple
                0x0000000008000ad8                __aeabi_dcmpeq
                0x0000000008000aec                __aeabi_dcmplt
                0x0000000008000b00                __aeabi_dcmple
                0x0000000008000b14                __aeabi_dcmpge
                0x0000000008000b28                __aeabi_dcmpgt
 .text          0x0000000008000b3c       0x2c c:/st/stm32cubeide_1.11.0/stm32cubeide/plugins/com.st.stm32cube.ide.mcu.externaltools.gnu-tools-for-stm32.10.3-2021.10.win32_1.0.100.202210260954/tools/bin/../lib/gcc/arm-none-eabi/10.3.1/thumb/v7e-m+fp/hard\libgcc.a(_arm_unorddf2.o)
                0x0000000008000b3c                __unorddf2
                0x0000000008000b3c                __aeabi_dcmpun
 .text          0x0000000008000b68       0x50 c:/st/stm32cubeide_1.11.0/stm32cubeide/plugins/com.st.stm32cube.ide.mcu.externaltools.gnu-tools-for-stm32.10.3-2021.10.win32_1.0.100.202210260954/tools/bin/../lib/gcc/arm-none-eabi/10.3.1/thumb/v7e-m+fp/hard\libgcc.a(_arm_fixdfsi.o)
                0x0000000008000b68                __aeabi_d2iz
                0x0000000008000b68                __fixdfsi
 .text          0x0000000008000bb8       0xa0 c:/st/stm32cubeide_1.11.0/stm32cubeide/plugins/com.st.stm32cube.ide.mcu.externaltools.gnu-tools-for-stm32.10.3-2021.10.win32_1.0.100.202210260954/tools/bin/../lib/gcc/arm-none-eabi/10.3.1/thumb/v7e-m+fp/hard\libgcc.a(_arm_truncdfsf2.o)
                0x0000000008000bb8                __truncdfsf2
                0x0000000008000bb8                __aeabi_d2f
 .text          0x0000000008000c58       0x30 c:/st/stm32cubeide_1.11.0/stm32cubeide/plugins/com.st.stm32cube.ide.mcu.externaltools.gnu-tools-for-stm32.10.3-2021.10.win32_1.0.100.202210260954/tools/bin/../lib/gcc/arm-none-eabi/10.3.1/thumb/v7e-m+fp/hard\libgcc.a(_aeabi_uldivmod.o)
                0x0000000008000c58                __aeabi_uldivmod
 .text          0x0000000008000c88      0x2d0 c:/st/stm32cubeide_1.11.0/stm32cubeide/plugins/com.st.stm32cube.ide.mcu.externaltools.gnu-tools-for-stm32.10.3-2021.10.win32_1.0.100.202210260954/tools/bin/../lib/gcc/arm-none-eabi/10.3.1/thumb/v7e-m+fp/hard\libgcc.a(_udivmoddi4.o)
                0x0000000008000c88                __udivmoddi4
 .text          0x0000000008000f58        0x4 c:/st/stm32cubeide_1.11.0/stm32cubeide/plugins/com.st.stm32cube.ide.mcu.externaltools.gnu-tools-for-stm32.10.3-2021.10.win32_1.0.100.202210260954/tools/bin/../lib/gcc/arm-none-eabi/10.3.1/thumb/v7e-m+fp/hard\libgcc.a(_dvmd_tls.o)
                0x0000000008000f58                __aeabi_idiv0
                0x0000000008000f58                __aeabi_ldiv0
 *(.text*)
 .text.regWrite
                0x0000000008000f5c       0x24 ./Core/Src/ADXL345.o
                0x0000000008000f5c                regWrite
 .text.regRead  0x0000000008000f80       0x20 ./Core/Src/ADXL345.o
                0x0000000008000f80                regRead
 .text.ADXL345_Init
                0x0000000008000fa0       0xa8 ./Core/Src/ADXL345.o
                0x0000000008000fa0                ADXL345_Init
 .text.ADXL345_GetValue
                0x0000000008001048       0x1a ./Core/Src/ADXL345.o
                0x0000000008001048                ADXL345_GetValue
 .text.ADXL345_MeasureON
                0x0000000008001062       0x30 ./Core/Src/ADXL345.o
                0x0000000008001062                ADXL345_MeasureON
 .text.ADXL345_StandbyON
                0x0000000008001092       0x2c ./Core/Src/ADXL345.o
                0x0000000008001092                ADXL345_StandbyON
 *fill*         0x00000000080010be        0x2 
 .text.Mount_SD
                0x00000000080010c0       0x28 ./Core/Src/File_Handling.o
                0x00000000080010c0                Mount_SD
 .text.Unmount_SD
                0x00000000080010e8       0x18 ./Core/Src/File_Handling.o
                0x00000000080010e8                Unmount_SD
 .text.Update_File
                0x0000000008001100       0xe4 ./Core/Src/File_Handling.o
                0x0000000008001100                Update_File
 .text.L3GgetGyroX
                0x00000000080011e4        0xc ./Core/Src/L3G4200D.o
                0x00000000080011e4                L3GgetGyroX
 .text.L3GgetGyroY
                0x00000000080011f0        0xc ./Core/Src/L3G4200D.o
                0x00000000080011f0                L3GgetGyroY
 .text.L3GgetGyroZ
                0x00000000080011fc        0xc ./Core/Src/L3G4200D.o
                0x00000000080011fc                L3GgetGyroZ
 .text.writeRegL3G
                0x0000000008001208       0x24 ./Core/Src/L3G4200D.o
                0x0000000008001208                writeRegL3G
 .text.L3G4200D_init
                0x000000000800122c       0x52 ./Core/Src/L3G4200D.o
                0x000000000800122c                L3G4200D_init
 *fill*         0x000000000800127e        0x2 
 .text.readRegL3G
                0x0000000008001280       0x24 ./Core/Src/L3G4200D.o
                0x0000000008001280                readRegL3G
 .text.L3GgetGyro
                0x00000000080012a4       0x78 ./Core/Src/L3G4200D.o
                0x00000000080012a4                L3GgetGyro
 .text.MSSPIx_WriteRead
                0x000000000800131c       0x38 ./Core/Src/MS5611.o
                0x000000000800131c                MSSPIx_WriteRead
 .text.MS_SPI_Write
                0x0000000008001354       0x40 ./Core/Src/MS5611.o
                0x0000000008001354                MS_SPI_Write
 .text.MS_SPI_Read
                0x0000000008001394       0x54 ./Core/Src/MS5611.o
                0x0000000008001394                MS_SPI_Read
 .text.readProm
                0x00000000080013e8       0x4c ./Core/Src/MS5611.o
                0x00000000080013e8                readProm
 .text.MSwriteRegister
                0x0000000008001434       0x1e ./Core/Src/MS5611.o
                0x0000000008001434                MSwriteRegister
 .text.readADC  0x0000000008001452       0x36 ./Core/Src/MS5611.o
                0x0000000008001452                readADC
 .text.meas     0x0000000008001488      0x124 ./Core/Src/MS5611.o
                0x0000000008001488                meas
 .text.reset    0x00000000080015ac       0x18 ./Core/Src/MS5611.o
                0x00000000080015ac                reset
 .text.Ds18b20_Init
                0x00000000080015c4       0x38 ./Core/Src/ds18b20.o
                0x00000000080015c4                Ds18b20_Init
 .text.DS18B20_StartAll
                0x00000000080015fc       0x1c ./Core/Src/ds18b20.o
                0x00000000080015fc                DS18B20_StartAll
 .text.DS18B20_Read
                0x0000000008001618       0xfc ./Core/Src/ds18b20.o
                0x0000000008001618                DS18B20_Read
 .text.DS18B20_SetResolution
                0x0000000008001714       0xce ./Core/Src/ds18b20.o
                0x0000000008001714                DS18B20_SetResolution
 .text.DS18B20_DisableAlarmTemperature
                0x00000000080017e2       0x8c ./Core/Src/ds18b20.o
                0x00000000080017e2                DS18B20_DisableAlarmTemperature
 *fill*         0x000000000800186e        0x2 
 .text.Task_Ds18b20
                0x0000000008001870      0x168 ./Core/Src/ds18b20.o
                0x0000000008001870                Task_Ds18b20
 .text.vApplicationGetIdleTaskMemory
                0x00000000080019d8       0x18 ./Core/Src/freertos.o
                0x00000000080019d8                vApplicationGetIdleTaskMemory
 .text.write_register
                0x00000000080019f0       0x48 ./Core/Src/lora_sx1276.o
 .text.read_register
                0x0000000008001a38       0x48 ./Core/Src/lora_sx1276.o
 .text.set_low_data_rate_optimization
                0x0000000008001a80       0x38 ./Core/Src/lora_sx1276.o
 .text.lora_mode_sleep
                0x0000000008001ab8        0x8 ./Core/Src/lora_sx1276.o
                0x0000000008001ab8                lora_mode_sleep
 .text.lora_mode_standby
                0x0000000008001ac0        0x8 ./Core/Src/lora_sx1276.o
                0x0000000008001ac0                lora_mode_standby
 .text.lora_set_explicit_header_mode
                0x0000000008001ac8       0x1a ./Core/Src/lora_sx1276.o
                0x0000000008001ac8                lora_set_explicit_header_mode
 .text.lora_mode_receive_continuous
                0x0000000008001ae2       0x2a ./Core/Src/lora_sx1276.o
                0x0000000008001ae2                lora_mode_receive_continuous
 .text.lora_set_tx_power
                0x0000000008001b0c       0x64 ./Core/Src/lora_sx1276.o
                0x0000000008001b0c                lora_set_tx_power
 .text.lora_set_frequency
                0x0000000008001b70       0x44 ./Core/Src/lora_sx1276.o
                0x0000000008001b70                lora_set_frequency
 .text.lora_set_signal_bandwidth
                0x0000000008001bb4       0x28 ./Core/Src/lora_sx1276.o
                0x0000000008001bb4                lora_set_signal_bandwidth
 .text.lora_set_spreading_factor
                0x0000000008001bdc       0x64 ./Core/Src/lora_sx1276.o
                0x0000000008001bdc                lora_set_spreading_factor
 .text.lora_set_coding_rate
                0x0000000008001c40       0x1e ./Core/Src/lora_sx1276.o
                0x0000000008001c40                lora_set_coding_rate
 .text.lora_version
                0x0000000008001c5e        0x6 ./Core/Src/lora_sx1276.o
                0x0000000008001c5e                lora_version
 .text.lora_is_transmitting
                0x0000000008001c64       0x16 ./Core/Src/lora_sx1276.o
                0x0000000008001c64                lora_is_transmitting
 .text.lora_pending_packet_length
                0x0000000008001c7a       0x1e ./Core/Src/lora_sx1276.o
                0x0000000008001c7a                lora_pending_packet_length
 .text.lora_receive_packet_base.constprop.0
                0x0000000008001c98       0xb0 ./Core/Src/lora_sx1276.o
 .text.lora_receive_packet
                0x0000000008001d48        0x8 ./Core/Src/lora_sx1276.o
                0x0000000008001d48                lora_receive_packet
 .text.lora_enable_interrupt_rx_done
                0x0000000008001d50        0x8 ./Core/Src/lora_sx1276.o
                0x0000000008001d50                lora_enable_interrupt_rx_done
 .text.lora_clear_interrupt_tx_done
                0x0000000008001d58        0x8 ./Core/Src/lora_sx1276.o
                0x0000000008001d58                lora_clear_interrupt_tx_done
 .text.lora_send_packet_base
                0x0000000008001d60       0x9a ./Core/Src/lora_sx1276.o
 .text.lora_send_packet
                0x0000000008001dfa        0x6 ./Core/Src/lora_sx1276.o
                0x0000000008001dfa                lora_send_packet
 .text.lora_send_packet_blocking
                0x0000000008001e00       0x3c ./Core/Src/lora_sx1276.o
                0x0000000008001e00                lora_send_packet_blocking
 .text.lora_clear_interrupt_rx_all
                0x0000000008001e3c        0x8 ./Core/Src/lora_sx1276.o
                0x0000000008001e3c                lora_clear_interrupt_rx_all
 .text.lora_init
                0x0000000008001e44       0xb4 ./Core/Src/lora_sx1276.o
                0x0000000008001e44                lora_init
 .text.StartTask03
                0x0000000008001ef8      0x104 ./Core/Src/main.o
                0x0000000008001ef8                StartTask03
 .text.SystemClock_Config
                0x0000000008001ffc       0x98 ./Core/Src/main.o
                0x0000000008001ffc                SystemClock_Config
 .text.startup.main
                0x0000000008002094      0x3f4 ./Core/Src/main.o
                0x0000000008002094                main
 .text.floatToByte
                0x0000000008002488        0x8 ./Core/Src/main.o
                0x0000000008002488                floatToByte
 .text.HAL_GPIO_EXTI_Callback
                0x0000000008002490      0x334 ./Core/Src/main.o
                0x0000000008002490                HAL_GPIO_EXTI_Callback
 .text._write   0x00000000080027c4       0x16 ./Core/Src/main.o
                0x00000000080027c4                _write
 *fill*         0x00000000080027da        0x2 
 .text.GPSToInt
                0x00000000080027dc       0x80 ./Core/Src/main.o
                0x00000000080027dc                GPSToInt
 *fill*         0x000000000800285c        0x4 
 .text.PressToHeight
                0x0000000008002860       0x60 ./Core/Src/main.o
                0x0000000008002860                PressToHeight
 .text.StartDefaultTask
                0x00000000080028c0     0x1258 ./Core/Src/main.o
                0x00000000080028c0                StartDefaultTask
 .text.NMEA_Handler
                0x0000000008003b18      0x234 ./Core/Src/main.o
                0x0000000008003b18                NMEA_Handler
 .text.HAL_UART_RxCpltCallback
                0x0000000008003d4c       0x38 ./Core/Src/main.o
                0x0000000008003d4c                HAL_UART_RxCpltCallback
 .text.HAL_TIM_PeriodElapsedCallback
                0x0000000008003d84       0x14 ./Core/Src/main.o
                0x0000000008003d84                HAL_TIM_PeriodElapsedCallback
 .text.Error_Handler
                0x0000000008003d98        0x2 ./Core/Src/main.o
                0x0000000008003d98                Error_Handler
 *fill*         0x0000000008003d9a        0x2 
 .text.writeRegMMC
                0x0000000008003d9c       0x24 ./Core/Src/mmc5883.o
                0x0000000008003d9c                writeRegMMC
 .text.MMC5883_init
                0x0000000008003dc0       0x1e ./Core/Src/mmc5883.o
                0x0000000008003dc0                MMC5883_init
 *fill*         0x0000000008003dde        0x2 
 .text.readRegMMC
                0x0000000008003de0       0x24 ./Core/Src/mmc5883.o
                0x0000000008003de0                readRegMMC
 .text.MMCgetMag
                0x0000000008003e04       0x5e ./Core/Src/mmc5883.o
                0x0000000008003e04                MMCgetMag
 *fill*         0x0000000008003e62        0x2 
 .text.ONEWIRE_DELAY
                0x0000000008003e64       0x14 ./Core/Src/onewire.o
                0x0000000008003e64                ONEWIRE_DELAY
 .text.ONEWIRE_LOW
                0x0000000008003e78        0xa ./Core/Src/onewire.o
                0x0000000008003e78                ONEWIRE_LOW
 .text.ONEWIRE_INPUT
                0x0000000008003e82       0x1e ./Core/Src/onewire.o
                0x0000000008003e82                ONEWIRE_INPUT
 .text.ONEWIRE_OUTPUT
                0x0000000008003ea0       0x20 ./Core/Src/onewire.o
                0x0000000008003ea0                ONEWIRE_OUTPUT
 .text.OneWire_Init
                0x0000000008003ec0       0x4c ./Core/Src/onewire.o
                0x0000000008003ec0                OneWire_Init
 .text.OneWire_Reset
                0x0000000008003f0c       0x3c ./Core/Src/onewire.o
                0x0000000008003f0c                OneWire_Reset
 .text.OneWire_WriteBit
                0x0000000008003f48       0x42 ./Core/Src/onewire.o
                0x0000000008003f48                OneWire_WriteBit
 .text.OneWire_ReadBit
                0x0000000008003f8a       0x36 ./Core/Src/onewire.o
                0x0000000008003f8a                OneWire_ReadBit
 .text.OneWire_WriteByte
                0x0000000008003fc0       0x20 ./Core/Src/onewire.o
                0x0000000008003fc0                OneWire_WriteByte
 .text.OneWire_ReadByte
                0x0000000008003fe0       0x24 ./Core/Src/onewire.o
                0x0000000008003fe0                OneWire_ReadByte
 .text.OneWire_Search
                0x0000000008004004       0xb8 ./Core/Src/onewire.o
                0x0000000008004004                OneWire_Search
 .text.OneWire_First
                0x00000000080040bc        0xc ./Core/Src/onewire.o
                0x00000000080040bc                OneWire_First
 .text.OneWire_Next
                0x00000000080040c8        0x6 ./Core/Src/onewire.o
                0x00000000080040c8                OneWire_Next
 .text.OneWire_Select
                0x00000000080040ce       0x20 ./Core/Src/onewire.o
                0x00000000080040ce                OneWire_Select
 .text.OneWire_SelectWithPointer
                0x00000000080040ee        0x4 ./Core/Src/onewire.o
                0x00000000080040ee                OneWire_SelectWithPointer
 .text.OneWire_GetFullROM
                0x00000000080040f2       0x16 ./Core/Src/onewire.o
                0x00000000080040f2                OneWire_GetFullROM
 .text.OneWire_CRC8
                0x0000000008004108       0x36 ./Core/Src/onewire.o
                0x0000000008004108                OneWire_CRC8
 *fill*         0x000000000800413e        0x2 
 .text.HAL_MspInit
                0x0000000008004140       0x40 ./Core/Src/stm32f4xx_hal_msp.o
                0x0000000008004140                HAL_MspInit
 .text.HAL_ADC_MspInit
                0x0000000008004180       0xa4 ./Core/Src/stm32f4xx_hal_msp.o
                0x0000000008004180                HAL_ADC_MspInit
 .text.HAL_I2C_MspInit
                0x0000000008004224       0x6c ./Core/Src/stm32f4xx_hal_msp.o
                0x0000000008004224                HAL_I2C_MspInit
 .text.HAL_SD_MspInit
                0x0000000008004290      0x184 ./Core/Src/stm32f4xx_hal_msp.o
                0x0000000008004290                HAL_SD_MspInit
 .text.HAL_SPI_MspInit
                0x0000000008004414       0x6c ./Core/Src/stm32f4xx_hal_msp.o
                0x0000000008004414                HAL_SPI_MspInit
 .text.HAL_TIM_PWM_MspInit
                0x0000000008004480       0x30 ./Core/Src/stm32f4xx_hal_msp.o
                0x0000000008004480                HAL_TIM_PWM_MspInit
 .text.HAL_TIM_Base_MspInit
                0x00000000080044b0       0x44 ./Core/Src/stm32f4xx_hal_msp.o
                0x00000000080044b0                HAL_TIM_Base_MspInit
 .text.HAL_TIM_MspPostInit
                0x00000000080044f4       0x54 ./Core/Src/stm32f4xx_hal_msp.o
                0x00000000080044f4                HAL_TIM_MspPostInit
 .text.HAL_UART_MspInit
                0x0000000008004548       0xb8 ./Core/Src/stm32f4xx_hal_msp.o
                0x0000000008004548                HAL_UART_MspInit
 .text.HAL_InitTick
                0x0000000008004600       0x90 ./Core/Src/stm32f4xx_hal_timebase_tim.o
                0x0000000008004600                HAL_InitTick
 .text.NMI_Handler
                0x0000000008004690        0x2 ./Core/Src/stm32f4xx_it.o
                0x0000000008004690                NMI_Handler
 .text.HardFault_Handler
                0x0000000008004692        0x2 ./Core/Src/stm32f4xx_it.o
                0x0000000008004692                HardFault_Handler
 .text.MemManage_Handler
                0x0000000008004694        0x2 ./Core/Src/stm32f4xx_it.o
                0x0000000008004694                MemManage_Handler
 .text.BusFault_Handler
                0x0000000008004696        0x2 ./Core/Src/stm32f4xx_it.o
                0x0000000008004696                BusFault_Handler
 .text.UsageFault_Handler
                0x0000000008004698        0x2 ./Core/Src/stm32f4xx_it.o
                0x0000000008004698                UsageFault_Handler
 .text.DebugMon_Handler
                0x000000000800469a        0x2 ./Core/Src/stm32f4xx_it.o
                0x000000000800469a                DebugMon_Handler
 .text.EXTI4_IRQHandler
                0x000000000800469c        0x6 ./Core/Src/stm32f4xx_it.o
                0x000000000800469c                EXTI4_IRQHandler
 *fill*         0x00000000080046a2        0x2 
 .text.TIM1_UP_TIM10_IRQHandler
                0x00000000080046a4       0x1c ./Core/Src/stm32f4xx_it.o
                0x00000000080046a4                TIM1_UP_TIM10_IRQHandler
 .text.USART1_IRQHandler
                0x00000000080046c0        0xc ./Core/Src/stm32f4xx_it.o
                0x00000000080046c0                USART1_IRQHandler
 .text.SDIO_IRQHandler
                0x00000000080046cc        0xc ./Core/Src/stm32f4xx_it.o
                0x00000000080046cc                SDIO_IRQHandler
 .text.DMA2_Stream0_IRQHandler
                0x00000000080046d8        0xc ./Core/Src/stm32f4xx_it.o
                0x00000000080046d8                DMA2_Stream0_IRQHandler
 .text.DMA2_Stream2_IRQHandler
                0x00000000080046e4        0xc ./Core/Src/stm32f4xx_it.o
                0x00000000080046e4                DMA2_Stream2_IRQHandler
 .text.DMA2_Stream3_IRQHandler
                0x00000000080046f0        0xc ./Core/Src/stm32f4xx_it.o
                0x00000000080046f0                DMA2_Stream3_IRQHandler
 .text.OTG_FS_IRQHandler
                0x00000000080046fc        0xc ./Core/Src/stm32f4xx_it.o
                0x00000000080046fc                OTG_FS_IRQHandler
 .text.DMA2_Stream6_IRQHandler
                0x0000000008004708        0xc ./Core/Src/stm32f4xx_it.o
                0x0000000008004708                DMA2_Stream6_IRQHandler
 .text._getpid  0x0000000008004714        0x4 ./Core/Src/syscalls.o
                0x0000000008004714                _getpid
 .text._kill    0x0000000008004718       0x10 ./Core/Src/syscalls.o
                0x0000000008004718                _kill
 .text._exit    0x0000000008004728        0xc ./Core/Src/syscalls.o
                0x0000000008004728                _exit
 .text._read    0x0000000008004734       0x1c ./Core/Src/syscalls.o
                0x0000000008004734                _read
 .text._close   0x0000000008004750        0x6 ./Core/Src/syscalls.o
                0x0000000008004750                _close
 .text._fstat   0x0000000008004756        0xa ./Core/Src/syscalls.o
                0x0000000008004756                _fstat
 .text._isatty  0x0000000008004760        0x4 ./Core/Src/syscalls.o
                0x0000000008004760                _isatty
 .text._lseek   0x0000000008004764        0x4 ./Core/Src/syscalls.o
                0x0000000008004764                _lseek
 .text._sbrk    0x0000000008004768       0x40 ./Core/Src/sysmem.o
                0x0000000008004768                _sbrk
 .text.SystemInit
                0x00000000080047a8       0x14 ./Core/Src/system_stm32f4xx.o
                0x00000000080047a8                SystemInit
 .text.W25qxx_Spi
                0x00000000080047bc       0x28 ./Core/Src/w25qxx.o
                0x00000000080047bc                W25qxx_Spi
 .text.W25qxx_ReadID
                0x00000000080047e4       0x48 ./Core/Src/w25qxx.o
                0x00000000080047e4                W25qxx_ReadID
 .text.W25qxx_ReadUniqID
                0x000000000800482c       0x54 ./Core/Src/w25qxx.o
                0x000000000800482c                W25qxx_ReadUniqID
 .text.W25qxx_WriteEnable
                0x0000000008004880       0x2c ./Core/Src/w25qxx.o
                0x0000000008004880                W25qxx_WriteEnable
 .text.W25qxx_ReadStatusRegister
                0x00000000080048ac       0x68 ./Core/Src/w25qxx.o
                0x00000000080048ac                W25qxx_ReadStatusRegister
 .text.W25qxx_WaitForWriteEnd
                0x0000000008004914       0x48 ./Core/Src/w25qxx.o
                0x0000000008004914                W25qxx_WaitForWriteEnd
 .text.W25qxx_Init
                0x000000000800495c       0xf4 ./Core/Src/w25qxx.o
                0x000000000800495c                W25qxx_Init
 .text.W25qxx_EraseSector
                0x0000000008004a50       0x80 ./Core/Src/w25qxx.o
                0x0000000008004a50                W25qxx_EraseSector
 .text.W25qxx_WritePage
                0x0000000008004ad0       0xa8 ./Core/Src/w25qxx.o
                0x0000000008004ad0                W25qxx_WritePage
 .text.W25qxx_ReadPage
                0x0000000008004b78       0xac ./Core/Src/w25qxx.o
                0x0000000008004b78                W25qxx_ReadPage
 .text.Reset_Handler
                0x0000000008004c24       0x50 ./Core/Startup/startup_stm32f401retx.o
                0x0000000008004c24                Reset_Handler
 .text.Default_Handler
                0x0000000008004c74        0x2 ./Core/Startup/startup_stm32f401retx.o
                0x0000000008004c74                RTC_Alarm_IRQHandler
                0x0000000008004c74                EXTI2_IRQHandler
                0x0000000008004c74                SPI4_IRQHandler
                0x0000000008004c74                TIM1_CC_IRQHandler
                0x0000000008004c74                DMA2_Stream5_IRQHandler
                0x0000000008004c74                DMA1_Stream5_IRQHandler
                0x0000000008004c74                PVD_IRQHandler
                0x0000000008004c74                TAMP_STAMP_IRQHandler
                0x0000000008004c74                EXTI3_IRQHandler
                0x0000000008004c74                I2C3_ER_IRQHandler
                0x0000000008004c74                EXTI0_IRQHandler
                0x0000000008004c74                I2C2_EV_IRQHandler
                0x0000000008004c74                DMA1_Stream2_IRQHandler
                0x0000000008004c74                FPU_IRQHandler
                0x0000000008004c74                SPI1_IRQHandler
                0x0000000008004c74                TIM1_BRK_TIM9_IRQHandler
                0x0000000008004c74                USART6_IRQHandler
                0x0000000008004c74                TIM4_IRQHandler
                0x0000000008004c74                I2C1_EV_IRQHandler
                0x0000000008004c74                DMA1_Stream6_IRQHandler
                0x0000000008004c74                DMA1_Stream1_IRQHandler
                0x0000000008004c74                TIM3_IRQHandler
                0x0000000008004c74                RCC_IRQHandler
                0x0000000008004c74                Default_Handler
                0x0000000008004c74                EXTI15_10_IRQHandler
                0x0000000008004c74                ADC_IRQHandler
                0x0000000008004c74                DMA1_Stream7_IRQHandler
                0x0000000008004c74                TIM5_IRQHandler
                0x0000000008004c74                DMA2_Stream7_IRQHandler
                0x0000000008004c74                I2C3_EV_IRQHandler
                0x0000000008004c74                EXTI9_5_IRQHandler
                0x0000000008004c74                RTC_WKUP_IRQHandler
                0x0000000008004c74                SPI2_IRQHandler
                0x0000000008004c74                DMA1_Stream0_IRQHandler
                0x0000000008004c74                WWDG_IRQHandler
                0x0000000008004c74                TIM2_IRQHandler
                0x0000000008004c74                OTG_FS_WKUP_IRQHandler
                0x0000000008004c74                TIM1_TRG_COM_TIM11_IRQHandler
                0x0000000008004c74                EXTI1_IRQHandler
                0x0000000008004c74                USART2_IRQHandler
                0x0000000008004c74                I2C2_ER_IRQHandler
                0x0000000008004c74                DMA2_Stream1_IRQHandler
                0x0000000008004c74                FLASH_IRQHandler
                0x0000000008004c74                DMA2_Stream4_IRQHandler
                0x0000000008004c74                SPI3_IRQHandler
                0x0000000008004c74                DMA1_Stream4_IRQHandler
                0x0000000008004c74                I2C1_ER_IRQHandler
                0x0000000008004c74                DMA1_Stream3_IRQHandler
 *fill*         0x0000000008004c76        0x2 
 .text.HAL_Init
                0x0000000008004c78       0x34 ./Drivers/STM32F4xx_HAL_Driver/Src/stm32f4xx_hal.o
                0x0000000008004c78                HAL_Init
 .text.HAL_IncTick
                0x0000000008004cac       0x18 ./Drivers/STM32F4xx_HAL_Driver/Src/stm32f4xx_hal.o
                0x0000000008004cac                HAL_IncTick
 .text.HAL_GetTick
                0x0000000008004cc4        0xc ./Drivers/STM32F4xx_HAL_Driver/Src/stm32f4xx_hal.o
                0x0000000008004cc4                HAL_GetTick
 .text.HAL_Delay
                0x0000000008004cd0       0x28 ./Drivers/STM32F4xx_HAL_Driver/Src/stm32f4xx_hal.o
                0x0000000008004cd0                HAL_Delay
 .text.HAL_ADC_Init
                0x0000000008004cf8      0x14c ./Drivers/STM32F4xx_HAL_Driver/Src/stm32f4xx_hal_adc.o
                0x0000000008004cf8                HAL_ADC_Init
 .text.HAL_ADC_Start_DMA
                0x0000000008004e44      0x12c ./Drivers/STM32F4xx_HAL_Driver/Src/stm32f4xx_hal_adc.o
                0x0000000008004e44                HAL_ADC_Start_DMA
 .text.HAL_ADC_ConvCpltCallback
                0x0000000008004f70        0x2 ./Drivers/STM32F4xx_HAL_Driver/Src/stm32f4xx_hal_adc.o
                0x0000000008004f70                HAL_ADC_ConvCpltCallback
 .text.HAL_ADC_ConvHalfCpltCallback
                0x0000000008004f72        0x2 ./Drivers/STM32F4xx_HAL_Driver/Src/stm32f4xx_hal_adc.o
                0x0000000008004f72                HAL_ADC_ConvHalfCpltCallback
 .text.ADC_DMAHalfConvCplt
                0x0000000008004f74        0xa ./Drivers/STM32F4xx_HAL_Driver/Src/stm32f4xx_hal_adc.o
 .text.HAL_ADC_ErrorCallback
                0x0000000008004f7e        0x2 ./Drivers/STM32F4xx_HAL_Driver/Src/stm32f4xx_hal_adc.o
                0x0000000008004f7e                HAL_ADC_ErrorCallback
 .text.ADC_DMAError
                0x0000000008004f80       0x16 ./Drivers/STM32F4xx_HAL_Driver/Src/stm32f4xx_hal_adc.o
 .text.ADC_DMAConvCplt
                0x0000000008004f96       0x6c ./Drivers/STM32F4xx_HAL_Driver/Src/stm32f4xx_hal_adc.o
 *fill*         0x0000000008005002        0x2 
 .text.HAL_ADC_ConfigChannel
                0x0000000008005004      0x124 ./Drivers/STM32F4xx_HAL_Driver/Src/stm32f4xx_hal_adc.o
                0x0000000008005004                HAL_ADC_ConfigChannel
 .text.HAL_NVIC_SetPriorityGrouping
                0x0000000008005128       0x24 ./Drivers/STM32F4xx_HAL_Driver/Src/stm32f4xx_hal_cortex.o
                0x0000000008005128                HAL_NVIC_SetPriorityGrouping
 .text.HAL_NVIC_SetPriority
                0x000000000800514c       0x64 ./Drivers/STM32F4xx_HAL_Driver/Src/stm32f4xx_hal_cortex.o
                0x000000000800514c                HAL_NVIC_SetPriority
 .text.HAL_NVIC_EnableIRQ
                0x00000000080051b0       0x1c ./Drivers/STM32F4xx_HAL_Driver/Src/stm32f4xx_hal_cortex.o
                0x00000000080051b0                HAL_NVIC_EnableIRQ
 .text.DMA_CalcBaseAndBitshift
                0x00000000080051cc       0x2c ./Drivers/STM32F4xx_HAL_Driver/Src/stm32f4xx_hal_dma.o
 .text.HAL_DMA_Init
                0x00000000080051f8      0x100 ./Drivers/STM32F4xx_HAL_Driver/Src/stm32f4xx_hal_dma.o
                0x00000000080051f8                HAL_DMA_Init
 .text.HAL_DMA_Start_IT
                0x00000000080052f8       0x74 ./Drivers/STM32F4xx_HAL_Driver/Src/stm32f4xx_hal_dma.o
                0x00000000080052f8                HAL_DMA_Start_IT
 .text.HAL_DMA_Abort
                0x000000000800536c       0x88 ./Drivers/STM32F4xx_HAL_Driver/Src/stm32f4xx_hal_dma.o
                0x000000000800536c                HAL_DMA_Abort
 .text.HAL_DMA_Abort_IT
                0x00000000080053f4       0x24 ./Drivers/STM32F4xx_HAL_Driver/Src/stm32f4xx_hal_dma.o
                0x00000000080053f4                HAL_DMA_Abort_IT
 .text.HAL_DMA_IRQHandler
                0x0000000008005418      0x17c ./Drivers/STM32F4xx_HAL_Driver/Src/stm32f4xx_hal_dma.o
                0x0000000008005418                HAL_DMA_IRQHandler
 .text.HAL_DMA_GetError
                0x0000000008005594        0x4 ./Drivers/STM32F4xx_HAL_Driver/Src/stm32f4xx_hal_dma.o
                0x0000000008005594                HAL_DMA_GetError
 .text.HAL_GPIO_Init
                0x0000000008005598      0x190 ./Drivers/STM32F4xx_HAL_Driver/Src/stm32f4xx_hal_gpio.o
                0x0000000008005598                HAL_GPIO_Init
 .text.HAL_GPIO_ReadPin
                0x0000000008005728        0xc ./Drivers/STM32F4xx_HAL_Driver/Src/stm32f4xx_hal_gpio.o
                0x0000000008005728                HAL_GPIO_ReadPin
 .text.HAL_GPIO_WritePin
                0x0000000008005734        0xa ./Drivers/STM32F4xx_HAL_Driver/Src/stm32f4xx_hal_gpio.o
                0x0000000008005734                HAL_GPIO_WritePin
 .text.HAL_GPIO_TogglePin
                0x000000000800573e       0x12 ./Drivers/STM32F4xx_HAL_Driver/Src/stm32f4xx_hal_gpio.o
                0x000000000800573e                HAL_GPIO_TogglePin
 .text.HAL_GPIO_EXTI_IRQHandler
                0x0000000008005750       0x18 ./Drivers/STM32F4xx_HAL_Driver/Src/stm32f4xx_hal_gpio.o
                0x0000000008005750                HAL_GPIO_EXTI_IRQHandler
 .text.I2C_IsAcknowledgeFailed
                0x0000000008005768       0x34 ./Drivers/STM32F4xx_HAL_Driver/Src/stm32f4xx_hal_i2c.o
 .text.I2C_WaitOnFlagUntilTimeout
                0x000000000800579c       0x64 ./Drivers/STM32F4xx_HAL_Driver/Src/stm32f4xx_hal_i2c.o
 .text.I2C_WaitOnMasterAddressFlagUntilTimeout
                0x0000000008005800       0x76 ./Drivers/STM32F4xx_HAL_Driver/Src/stm32f4xx_hal_i2c.o
 .text.I2C_WaitOnRXNEFlagUntilTimeout
                0x0000000008005876       0x5e ./Drivers/STM32F4xx_HAL_Driver/Src/stm32f4xx_hal_i2c.o
 .text.I2C_WaitOnBTFFlagUntilTimeout
                0x00000000080058d4       0x4c ./Drivers/STM32F4xx_HAL_Driver/Src/stm32f4xx_hal_i2c.o
 .text.I2C_WaitOnTXEFlagUntilTimeout
                0x0000000008005920       0x4c ./Drivers/STM32F4xx_HAL_Driver/Src/stm32f4xx_hal_i2c.o
 .text.I2C_RequestMemoryRead
                0x000000000800596c      0x104 ./Drivers/STM32F4xx_HAL_Driver/Src/stm32f4xx_hal_i2c.o
 .text.HAL_I2C_Init
                0x0000000008005a70      0x150 ./Drivers/STM32F4xx_HAL_Driver/Src/stm32f4xx_hal_i2c.o
                0x0000000008005a70                HAL_I2C_Init
 .text.HAL_I2C_Master_Transmit
                0x0000000008005bc0      0x1b0 ./Drivers/STM32F4xx_HAL_Driver/Src/stm32f4xx_hal_i2c.o
                0x0000000008005bc0                HAL_I2C_Master_Transmit
 .text.HAL_I2C_Mem_Read
                0x0000000008005d70      0x210 ./Drivers/STM32F4xx_HAL_Driver/Src/stm32f4xx_hal_i2c.o
                0x0000000008005d70                HAL_I2C_Mem_Read
 .text.HAL_PCD_Init
                0x0000000008005f80      0x10a ./Drivers/STM32F4xx_HAL_Driver/Src/stm32f4xx_hal_pcd.o
                0x0000000008005f80                HAL_PCD_Init
 .text.HAL_PCD_Start
                0x000000000800608a       0x3e ./Drivers/STM32F4xx_HAL_Driver/Src/stm32f4xx_hal_pcd.o
                0x000000000800608a                HAL_PCD_Start
 .text.HAL_PCD_SetAddress
                0x00000000080060c8       0x28 ./Drivers/STM32F4xx_HAL_Driver/Src/stm32f4xx_hal_pcd.o
                0x00000000080060c8                HAL_PCD_SetAddress
 .text.HAL_PCD_EP_Open
                0x00000000080060f0       0x70 ./Drivers/STM32F4xx_HAL_Driver/Src/stm32f4xx_hal_pcd.o
                0x00000000080060f0                HAL_PCD_EP_Open
 .text.HAL_PCD_EP_Close
                0x0000000008006160       0x5e ./Drivers/STM32F4xx_HAL_Driver/Src/stm32f4xx_hal_pcd.o
                0x0000000008006160                HAL_PCD_EP_Close
 .text.HAL_PCD_EP_Receive
                0x00000000080061be       0x48 ./Drivers/STM32F4xx_HAL_Driver/Src/stm32f4xx_hal_pcd.o
                0x00000000080061be                HAL_PCD_EP_Receive
 .text.HAL_PCD_EP_GetRxCount
                0x0000000008006206       0x10 ./Drivers/STM32F4xx_HAL_Driver/Src/stm32f4xx_hal_pcd.o
                0x0000000008006206                HAL_PCD_EP_GetRxCount
 .text.HAL_PCD_EP_Transmit
                0x0000000008006216       0x40 ./Drivers/STM32F4xx_HAL_Driver/Src/stm32f4xx_hal_pcd.o
                0x0000000008006216                HAL_PCD_EP_Transmit
 .text.HAL_PCD_EP_SetStall
                0x0000000008006256       0x70 ./Drivers/STM32F4xx_HAL_Driver/Src/stm32f4xx_hal_pcd.o
                0x0000000008006256                HAL_PCD_EP_SetStall
 .text.HAL_PCD_EP_ClrStall
                0x00000000080062c6       0x6c ./Drivers/STM32F4xx_HAL_Driver/Src/stm32f4xx_hal_pcd.o
                0x00000000080062c6                HAL_PCD_EP_ClrStall
 .text.HAL_PCD_EP_Abort
                0x0000000008006332       0x20 ./Drivers/STM32F4xx_HAL_Driver/Src/stm32f4xx_hal_pcd.o
                0x0000000008006332                HAL_PCD_EP_Abort
 *fill*         0x0000000008006352        0x2 
 .text.HAL_PCD_IRQHandler
                0x0000000008006354      0x68c ./Drivers/STM32F4xx_HAL_Driver/Src/stm32f4xx_hal_pcd.o
                0x0000000008006354                HAL_PCD_IRQHandler
 .text.HAL_PCDEx_SetTxFiFo
                0x00000000080069e0       0x40 ./Drivers/STM32F4xx_HAL_Driver/Src/stm32f4xx_hal_pcd_ex.o
                0x00000000080069e0                HAL_PCDEx_SetTxFiFo
 .text.HAL_PCDEx_SetRxFiFo
                0x0000000008006a20        0x8 ./Drivers/STM32F4xx_HAL_Driver/Src/stm32f4xx_hal_pcd_ex.o
                0x0000000008006a20                HAL_PCDEx_SetRxFiFo
 .text.HAL_PCDEx_LPM_Callback
                0x0000000008006a28        0x2 ./Drivers/STM32F4xx_HAL_Driver/Src/stm32f4xx_hal_pcd_ex.o
                0x0000000008006a28                HAL_PCDEx_LPM_Callback
 *fill*         0x0000000008006a2a        0x2 
 .text.HAL_RCC_OscConfig
                0x0000000008006a2c      0x360 ./Drivers/STM32F4xx_HAL_Driver/Src/stm32f4xx_hal_rcc.o
                0x0000000008006a2c                HAL_RCC_OscConfig
 .text.HAL_RCC_GetSysClockFreq
                0x0000000008006d8c       0x5c ./Drivers/STM32F4xx_HAL_Driver/Src/stm32f4xx_hal_rcc.o
                0x0000000008006d8c                HAL_RCC_GetSysClockFreq
 .text.HAL_RCC_ClockConfig
                0x0000000008006de8      0x138 ./Drivers/STM32F4xx_HAL_Driver/Src/stm32f4xx_hal_rcc.o
                0x0000000008006de8                HAL_RCC_ClockConfig
 .text.HAL_RCC_GetHCLKFreq
                0x0000000008006f20        0xc ./Drivers/STM32F4xx_HAL_Driver/Src/stm32f4xx_hal_rcc.o
                0x0000000008006f20                HAL_RCC_GetHCLKFreq
 .text.HAL_RCC_GetPCLK1Freq
                0x0000000008006f2c       0x20 ./Drivers/STM32F4xx_HAL_Driver/Src/stm32f4xx_hal_rcc.o
                0x0000000008006f2c                HAL_RCC_GetPCLK1Freq
 .text.HAL_RCC_GetPCLK2Freq
                0x0000000008006f4c       0x20 ./Drivers/STM32F4xx_HAL_Driver/Src/stm32f4xx_hal_rcc.o
                0x0000000008006f4c                HAL_RCC_GetPCLK2Freq
 .text.HAL_RCC_GetClockConfig
                0x0000000008006f6c       0x3c ./Drivers/STM32F4xx_HAL_Driver/Src/stm32f4xx_hal_rcc.o
                0x0000000008006f6c                HAL_RCC_GetClockConfig
 .text.SD_DMATransmitCplt
                0x0000000008006fa8        0xe ./Drivers/STM32F4xx_HAL_Driver/Src/stm32f4xx_hal_sd.o
 *fill*         0x0000000008006fb6        0x2 
 .text.HAL_SD_ReadBlocks_DMA
                0x0000000008006fb8      0x12c ./Drivers/STM32F4xx_HAL_Driver/Src/stm32f4xx_hal_sd.o
                0x0000000008006fb8                HAL_SD_ReadBlocks_DMA
 .text.HAL_SD_WriteBlocks_DMA
                0x00000000080070e4      0x120 ./Drivers/STM32F4xx_HAL_Driver/Src/stm32f4xx_hal_sd.o
                0x00000000080070e4                HAL_SD_WriteBlocks_DMA
 .text.HAL_SD_ErrorCallback
                0x0000000008007204        0x2 ./Drivers/STM32F4xx_HAL_Driver/Src/stm32f4xx_hal_sd.o
                0x0000000008007204                HAL_SD_ErrorCallback
 .text.SD_DMAReceiveCplt
                0x0000000008007206       0x40 ./Drivers/STM32F4xx_HAL_Driver/Src/stm32f4xx_hal_sd.o
 *fill*         0x0000000008007246        0x2 
 .text.HAL_SD_GetCardCSD
                0x0000000008007248      0x16c ./Drivers/STM32F4xx_HAL_Driver/Src/stm32f4xx_hal_sd.o
                0x0000000008007248                HAL_SD_GetCardCSD
 .text.HAL_SD_InitCard
                0x00000000080073b4      0x204 ./Drivers/STM32F4xx_HAL_Driver/Src/stm32f4xx_hal_sd.o
                0x00000000080073b4                HAL_SD_InitCard
 .text.HAL_SD_Init
                0x00000000080075b8       0x36 ./Drivers/STM32F4xx_HAL_Driver/Src/stm32f4xx_hal_sd.o
                0x00000000080075b8                HAL_SD_Init
 .text.HAL_SD_GetCardInfo
                0x00000000080075ee       0x24 ./Drivers/STM32F4xx_HAL_Driver/Src/stm32f4xx_hal_sd.o
                0x00000000080075ee                HAL_SD_GetCardInfo
 .text.HAL_SD_GetCardState
                0x0000000008007612       0x28 ./Drivers/STM32F4xx_HAL_Driver/Src/stm32f4xx_hal_sd.o
                0x0000000008007612                HAL_SD_GetCardState
 *fill*         0x000000000800763a        0x2 
 .text.SD_DMAError
                0x000000000800763c       0x60 ./Drivers/STM32F4xx_HAL_Driver/Src/stm32f4xx_hal_sd.o
 .text.SD_DMATxAbort
                0x000000000800769c       0x42 ./Drivers/STM32F4xx_HAL_Driver/Src/stm32f4xx_hal_sd.o
 *fill*         0x00000000080076de        0x2 
 .text.HAL_SD_IRQHandler
                0x00000000080076e0      0x218 ./Drivers/STM32F4xx_HAL_Driver/Src/stm32f4xx_hal_sd.o
                0x00000000080076e0                HAL_SD_IRQHandler
 .text.SD_DMARxAbort
                0x00000000080078f8        0x4 ./Drivers/STM32F4xx_HAL_Driver/Src/stm32f4xx_hal_sd.o
 .text.SPI_WaitFlagStateUntilTimeout.constprop.0
                0x00000000080078fc       0xa8 ./Drivers/STM32F4xx_HAL_Driver/Src/stm32f4xx_hal_spi.o
 .text.SPI_EndRxTransaction
                0x00000000080079a4       0x54 ./Drivers/STM32F4xx_HAL_Driver/Src/stm32f4xx_hal_spi.o
 .text.SPI_EndRxTxTransaction
                0x00000000080079f8       0x58 ./Drivers/STM32F4xx_HAL_Driver/Src/stm32f4xx_hal_spi.o
 .text.HAL_SPI_Init
                0x0000000008007a50       0xb8 ./Drivers/STM32F4xx_HAL_Driver/Src/stm32f4xx_hal_spi.o
                0x0000000008007a50                HAL_SPI_Init
 .text.HAL_SPI_Transmit
                0x0000000008007b08      0x15c ./Drivers/STM32F4xx_HAL_Driver/Src/stm32f4xx_hal_spi.o
                0x0000000008007b08                HAL_SPI_Transmit
 .text.HAL_SPI_TransmitReceive
                0x0000000008007c64      0x1e8 ./Drivers/STM32F4xx_HAL_Driver/Src/stm32f4xx_hal_spi.o
                0x0000000008007c64                HAL_SPI_TransmitReceive
 .text.HAL_SPI_Receive
                0x0000000008007e4c      0x148 ./Drivers/STM32F4xx_HAL_Driver/Src/stm32f4xx_hal_spi.o
                0x0000000008007e4c                HAL_SPI_Receive
 .text.HAL_SPI_Transmit_DMA
                0x0000000008007f94       0xc8 ./Drivers/STM32F4xx_HAL_Driver/Src/stm32f4xx_hal_spi.o
                0x0000000008007f94                HAL_SPI_Transmit_DMA
 .text.HAL_SPI_TransmitReceive_DMA
                0x000000000800805c      0x10c ./Drivers/STM32F4xx_HAL_Driver/Src/stm32f4xx_hal_spi.o
                0x000000000800805c                HAL_SPI_TransmitReceive_DMA
 .text.HAL_SPI_Receive_DMA
                0x0000000008008168       0xec ./Drivers/STM32F4xx_HAL_Driver/Src/stm32f4xx_hal_spi.o
                0x0000000008008168                HAL_SPI_Receive_DMA
 .text.HAL_SPI_TxCpltCallback
                0x0000000008008254        0x2 ./Drivers/STM32F4xx_HAL_Driver/Src/stm32f4xx_hal_spi.o
                0x0000000008008254                HAL_SPI_TxCpltCallback
 .text.HAL_SPI_RxCpltCallback
                0x0000000008008256        0x2 ./Drivers/STM32F4xx_HAL_Driver/Src/stm32f4xx_hal_spi.o
                0x0000000008008256                HAL_SPI_RxCpltCallback
 .text.HAL_SPI_TxRxCpltCallback
                0x0000000008008258        0x2 ./Drivers/STM32F4xx_HAL_Driver/Src/stm32f4xx_hal_spi.o
                0x0000000008008258                HAL_SPI_TxRxCpltCallback
 .text.HAL_SPI_TxHalfCpltCallback
                0x000000000800825a        0x2 ./Drivers/STM32F4xx_HAL_Driver/Src/stm32f4xx_hal_spi.o
                0x000000000800825a                HAL_SPI_TxHalfCpltCallback
 .text.SPI_DMAHalfTransmitCplt
                0x000000000800825c        0xa ./Drivers/STM32F4xx_HAL_Driver/Src/stm32f4xx_hal_spi.o
 .text.HAL_SPI_RxHalfCpltCallback
                0x0000000008008266        0x2 ./Drivers/STM32F4xx_HAL_Driver/Src/stm32f4xx_hal_spi.o
                0x0000000008008266                HAL_SPI_RxHalfCpltCallback
 .text.SPI_DMAHalfReceiveCplt
                0x0000000008008268        0xa ./Drivers/STM32F4xx_HAL_Driver/Src/stm32f4xx_hal_spi.o
 .text.HAL_SPI_TxRxHalfCpltCallback
                0x0000000008008272        0x2 ./Drivers/STM32F4xx_HAL_Driver/Src/stm32f4xx_hal_spi.o
                0x0000000008008272                HAL_SPI_TxRxHalfCpltCallback
 .text.SPI_DMAHalfTransmitReceiveCplt
                0x0000000008008274        0xa ./Drivers/STM32F4xx_HAL_Driver/Src/stm32f4xx_hal_spi.o
 .text.HAL_SPI_ErrorCallback
                0x000000000800827e        0x2 ./Drivers/STM32F4xx_HAL_Driver/Src/stm32f4xx_hal_spi.o
                0x000000000800827e                HAL_SPI_ErrorCallback
 .text.SPI_DMAError
                0x0000000008008280       0x22 ./Drivers/STM32F4xx_HAL_Driver/Src/stm32f4xx_hal_spi.o
 .text.SPI_DMATransmitCplt
                0x00000000080082a2       0x6a ./Drivers/STM32F4xx_HAL_Driver/Src/stm32f4xx_hal_spi.o
 .text.SPI_DMAReceiveCplt
                0x000000000800830c       0x66 ./Drivers/STM32F4xx_HAL_Driver/Src/stm32f4xx_hal_spi.o
 .text.SPI_DMATransmitReceiveCplt
                0x0000000008008372       0x5a ./Drivers/STM32F4xx_HAL_Driver/Src/stm32f4xx_hal_spi.o
 .text.TIM_OC1_SetConfig
                0x00000000080083cc       0x50 ./Drivers/STM32F4xx_HAL_Driver/Src/stm32f4xx_hal_tim.o
 .text.TIM_OC3_SetConfig
                0x000000000800841c       0x54 ./Drivers/STM32F4xx_HAL_Driver/Src/stm32f4xx_hal_tim.o
 .text.TIM_OC4_SetConfig
                0x0000000008008470       0x44 ./Drivers/STM32F4xx_HAL_Driver/Src/stm32f4xx_hal_tim.o
 .text.HAL_TIM_Base_Start
                0x00000000080084b4       0x5c ./Drivers/STM32F4xx_HAL_Driver/Src/stm32f4xx_hal_tim.o
                0x00000000080084b4                HAL_TIM_Base_Start
 .text.HAL_TIM_Base_Start_IT
                0x0000000008008510       0x64 ./Drivers/STM32F4xx_HAL_Driver/Src/stm32f4xx_hal_tim.o
                0x0000000008008510                HAL_TIM_Base_Start_IT
 .text.HAL_TIM_OC_DelayElapsedCallback
                0x0000000008008574        0x2 ./Drivers/STM32F4xx_HAL_Driver/Src/stm32f4xx_hal_tim.o
                0x0000000008008574                HAL_TIM_OC_DelayElapsedCallback
 .text.HAL_TIM_IC_CaptureCallback
                0x0000000008008576        0x2 ./Drivers/STM32F4xx_HAL_Driver/Src/stm32f4xx_hal_tim.o
                0x0000000008008576                HAL_TIM_IC_CaptureCallback
 .text.HAL_TIM_PWM_PulseFinishedCallback
                0x0000000008008578        0x2 ./Drivers/STM32F4xx_HAL_Driver/Src/stm32f4xx_hal_tim.o
                0x0000000008008578                HAL_TIM_PWM_PulseFinishedCallback
 .text.HAL_TIM_TriggerCallback
                0x000000000800857a        0x2 ./Drivers/STM32F4xx_HAL_Driver/Src/stm32f4xx_hal_tim.o
                0x000000000800857a                HAL_TIM_TriggerCallback
 .text.HAL_TIM_IRQHandler
                0x000000000800857c      0x144 ./Drivers/STM32F4xx_HAL_Driver/Src/stm32f4xx_hal_tim.o
                0x000000000800857c                HAL_TIM_IRQHandler
 .text.TIM_Base_SetConfig
                0x00000000080086c0       0x9c ./Drivers/STM32F4xx_HAL_Driver/Src/stm32f4xx_hal_tim.o
                0x00000000080086c0                TIM_Base_SetConfig
 .text.HAL_TIM_Base_Init
                0x000000000800875c       0x58 ./Drivers/STM32F4xx_HAL_Driver/Src/stm32f4xx_hal_tim.o
                0x000000000800875c                HAL_TIM_Base_Init
 .text.HAL_TIM_PWM_Init
                0x00000000080087b4       0x58 ./Drivers/STM32F4xx_HAL_Driver/Src/stm32f4xx_hal_tim.o
                0x00000000080087b4                HAL_TIM_PWM_Init
 .text.TIM_OC2_SetConfig
                0x000000000800880c       0x58 ./Drivers/STM32F4xx_HAL_Driver/Src/stm32f4xx_hal_tim.o
                0x000000000800880c                TIM_OC2_SetConfig
 .text.HAL_TIM_PWM_ConfigChannel
                0x0000000008008864       0xb8 ./Drivers/STM32F4xx_HAL_Driver/Src/stm32f4xx_hal_tim.o
                0x0000000008008864                HAL_TIM_PWM_ConfigChannel
 .text.TIM_CCxChannelCmd
                0x000000000800891c       0x1c ./Drivers/STM32F4xx_HAL_Driver/Src/stm32f4xx_hal_tim.o
                0x000000000800891c                TIM_CCxChannelCmd
 .text.HAL_TIM_OC_Start
                0x0000000008008938       0xb4 ./Drivers/STM32F4xx_HAL_Driver/Src/stm32f4xx_hal_tim.o
                0x0000000008008938                HAL_TIM_OC_Start
 .text.HAL_TIM_PWM_Start
                0x00000000080089ec        0x4 ./Drivers/STM32F4xx_HAL_Driver/Src/stm32f4xx_hal_tim.o
                0x00000000080089ec                HAL_TIM_PWM_Start
 .text.HAL_TIMEx_MasterConfigSynchronization
                0x00000000080089f0       0x6c ./Drivers/STM32F4xx_HAL_Driver/Src/stm32f4xx_hal_tim_ex.o
                0x00000000080089f0                HAL_TIMEx_MasterConfigSynchronization
 .text.HAL_TIMEx_CommutCallback
                0x0000000008008a5c        0x2 ./Drivers/STM32F4xx_HAL_Driver/Src/stm32f4xx_hal_tim_ex.o
                0x0000000008008a5c                HAL_TIMEx_CommutCallback
 .text.HAL_TIMEx_BreakCallback
                0x0000000008008a5e        0x2 ./Drivers/STM32F4xx_HAL_Driver/Src/stm32f4xx_hal_tim_ex.o
                0x0000000008008a5e                HAL_TIMEx_BreakCallback
 .text.UART_EndRxTransfer
                0x0000000008008a60       0x5c ./Drivers/STM32F4xx_HAL_Driver/Src/stm32f4xx_hal_uart.o
 .text.UART_SetConfig
                0x0000000008008abc       0xbc ./Drivers/STM32F4xx_HAL_Driver/Src/stm32f4xx_hal_uart.o
 .text.HAL_UART_Init
                0x0000000008008b78       0x5c ./Drivers/STM32F4xx_HAL_Driver/Src/stm32f4xx_hal_uart.o
                0x0000000008008b78                HAL_UART_Init
 .text.HAL_UART_TxCpltCallback
                0x0000000008008bd4        0x2 ./Drivers/STM32F4xx_HAL_Driver/Src/stm32f4xx_hal_uart.o
                0x0000000008008bd4                HAL_UART_TxCpltCallback
 .text.HAL_UART_RxHalfCpltCallback
                0x0000000008008bd6        0x2 ./Drivers/STM32F4xx_HAL_Driver/Src/stm32f4xx_hal_uart.o
                0x0000000008008bd6                HAL_UART_RxHalfCpltCallback
 .text.HAL_UART_ErrorCallback
                0x0000000008008bd8        0x2 ./Drivers/STM32F4xx_HAL_Driver/Src/stm32f4xx_hal_uart.o
                0x0000000008008bd8                HAL_UART_ErrorCallback
 .text.UART_DMAError
                0x0000000008008bda       0x5a ./Drivers/STM32F4xx_HAL_Driver/Src/stm32f4xx_hal_uart.o
 .text.UART_DMAAbortOnError
                0x0000000008008c34       0x10 ./Drivers/STM32F4xx_HAL_Driver/Src/stm32f4xx_hal_uart.o
 .text.HAL_UARTEx_RxEventCallback
                0x0000000008008c44        0x2 ./Drivers/STM32F4xx_HAL_Driver/Src/stm32f4xx_hal_uart.o
                0x0000000008008c44                HAL_UARTEx_RxEventCallback
 .text.UART_DMARxHalfCplt
                0x0000000008008c46       0x1a ./Drivers/STM32F4xx_HAL_Driver/Src/stm32f4xx_hal_uart.o
 .text.UART_DMAReceiveCplt
                0x0000000008008c60       0x94 ./Drivers/STM32F4xx_HAL_Driver/Src/stm32f4xx_hal_uart.o
 .text.UART_Receive_IT.part.0.isra.0
                0x0000000008008cf4       0xac ./Drivers/STM32F4xx_HAL_Driver/Src/stm32f4xx_hal_uart.o
 .text.HAL_UART_IRQHandler
                0x0000000008008da0      0x2a0 ./Drivers/STM32F4xx_HAL_Driver/Src/stm32f4xx_hal_uart.o
                0x0000000008008da0                HAL_UART_IRQHandler
 .text.UART_Start_Receive_DMA
                0x0000000008009040       0x9c ./Drivers/STM32F4xx_HAL_Driver/Src/stm32f4xx_hal_uart.o
                0x0000000008009040                UART_Start_Receive_DMA
 .text.HAL_UART_Receive_DMA
                0x00000000080090dc       0x30 ./Drivers/STM32F4xx_HAL_Driver/Src/stm32f4xx_hal_uart.o
                0x00000000080090dc                HAL_UART_Receive_DMA
 .text.SDIO_Init
                0x000000000800910c       0x38 ./Drivers/STM32F4xx_HAL_Driver/Src/stm32f4xx_ll_sdmmc.o
                0x000000000800910c                SDIO_Init
 .text.SDIO_ReadFIFO
                0x0000000008009144        0x6 ./Drivers/STM32F4xx_HAL_Driver/Src/stm32f4xx_ll_sdmmc.o
                0x0000000008009144                SDIO_ReadFIFO
 .text.SDIO_WriteFIFO
                0x000000000800914a        0xa ./Drivers/STM32F4xx_HAL_Driver/Src/stm32f4xx_ll_sdmmc.o
                0x000000000800914a                SDIO_WriteFIFO
 .text.SDIO_PowerState_ON
                0x0000000008009154        0x8 ./Drivers/STM32F4xx_HAL_Driver/Src/stm32f4xx_ll_sdmmc.o
                0x0000000008009154                SDIO_PowerState_ON
 .text.SDIO_GetPowerState
                0x000000000800915c        0x8 ./Drivers/STM32F4xx_HAL_Driver/Src/stm32f4xx_ll_sdmmc.o
                0x000000000800915c                SDIO_GetPowerState
 .text.SDIO_SendCommand
                0x0000000008009164       0x26 ./Drivers/STM32F4xx_HAL_Driver/Src/stm32f4xx_ll_sdmmc.o
                0x0000000008009164                SDIO_SendCommand
 .text.SDIO_GetResponse
                0x000000000800918a        0x6 ./Drivers/STM32F4xx_HAL_Driver/Src/stm32f4xx_ll_sdmmc.o
                0x000000000800918a                SDIO_GetResponse
 .text.SDIO_ConfigData
                0x0000000008009190       0x26 ./Drivers/STM32F4xx_HAL_Driver/Src/stm32f4xx_ll_sdmmc.o
                0x0000000008009190                SDIO_ConfigData
 *fill*         0x00000000080091b6        0x2 
 .text.SDMMC_CmdGoIdleState
                0x00000000080091b8       0x4c ./Drivers/STM32F4xx_HAL_Driver/Src/stm32f4xx_ll_sdmmc.o
                0x00000000080091b8                SDMMC_CmdGoIdleState
 .text.SDMMC_GetCmdResp1
                0x0000000008009204      0x120 ./Drivers/STM32F4xx_HAL_Driver/Src/stm32f4xx_ll_sdmmc.o
                0x0000000008009204                SDMMC_GetCmdResp1
 .text.SDMMC_CmdBlockLength
                0x0000000008009324       0x30 ./Drivers/STM32F4xx_HAL_Driver/Src/stm32f4xx_ll_sdmmc.o
                0x0000000008009324                SDMMC_CmdBlockLength
 .text.SDMMC_CmdReadSingleBlock
                0x0000000008009354       0x30 ./Drivers/STM32F4xx_HAL_Driver/Src/stm32f4xx_ll_sdmmc.o
                0x0000000008009354                SDMMC_CmdReadSingleBlock
 .text.SDMMC_CmdReadMultiBlock
                0x0000000008009384       0x30 ./Drivers/STM32F4xx_HAL_Driver/Src/stm32f4xx_ll_sdmmc.o
                0x0000000008009384                SDMMC_CmdReadMultiBlock
 .text.SDMMC_CmdWriteSingleBlock
                0x00000000080093b4       0x30 ./Drivers/STM32F4xx_HAL_Driver/Src/stm32f4xx_ll_sdmmc.o
                0x00000000080093b4                SDMMC_CmdWriteSingleBlock
 .text.SDMMC_CmdWriteMultiBlock
                0x00000000080093e4       0x30 ./Drivers/STM32F4xx_HAL_Driver/Src/stm32f4xx_ll_sdmmc.o
                0x00000000080093e4                SDMMC_CmdWriteMultiBlock
 .text.SDMMC_CmdStopTransfer
                0x0000000008009414       0x34 ./Drivers/STM32F4xx_HAL_Driver/Src/stm32f4xx_ll_sdmmc.o
                0x0000000008009414                SDMMC_CmdStopTransfer
 .text.SDMMC_CmdSelDesel
                0x0000000008009448       0x30 ./Drivers/STM32F4xx_HAL_Driver/Src/stm32f4xx_ll_sdmmc.o
                0x0000000008009448                SDMMC_CmdSelDesel
 .text.SDMMC_CmdAppCommand
                0x0000000008009478       0x30 ./Drivers/STM32F4xx_HAL_Driver/Src/stm32f4xx_ll_sdmmc.o
                0x0000000008009478                SDMMC_CmdAppCommand
 .text.SDMMC_CmdSendStatus
                0x00000000080094a8       0x30 ./Drivers/STM32F4xx_HAL_Driver/Src/stm32f4xx_ll_sdmmc.o
                0x00000000080094a8                SDMMC_CmdSendStatus
 .text.SDMMC_GetCmdResp2
                0x00000000080094d8       0x4c ./Drivers/STM32F4xx_HAL_Driver/Src/stm32f4xx_ll_sdmmc.o
                0x00000000080094d8                SDMMC_GetCmdResp2
 .text.SDMMC_CmdSendCID
                0x0000000008009524       0x2a ./Drivers/STM32F4xx_HAL_Driver/Src/stm32f4xx_ll_sdmmc.o
                0x0000000008009524                SDMMC_CmdSendCID
 .text.SDMMC_CmdSendCSD
                0x000000000800954e       0x2a ./Drivers/STM32F4xx_HAL_Driver/Src/stm32f4xx_ll_sdmmc.o
                0x000000000800954e                SDMMC_CmdSendCSD
 .text.SDMMC_GetCmdResp3
                0x0000000008009578       0x40 ./Drivers/STM32F4xx_HAL_Driver/Src/stm32f4xx_ll_sdmmc.o
                0x0000000008009578                SDMMC_GetCmdResp3
 .text.SDMMC_CmdAppOperCommand
                0x00000000080095b8       0x32 ./Drivers/STM32F4xx_HAL_Driver/Src/stm32f4xx_ll_sdmmc.o
                0x00000000080095b8                SDMMC_CmdAppOperCommand
 *fill*         0x00000000080095ea        0x2 
 .text.SDMMC_GetCmdResp6
                0x00000000080095ec       0x84 ./Drivers/STM32F4xx_HAL_Driver/Src/stm32f4xx_ll_sdmmc.o
                0x00000000080095ec                SDMMC_GetCmdResp6
 .text.SDMMC_CmdSetRelAdd
                0x0000000008009670       0x30 ./Drivers/STM32F4xx_HAL_Driver/Src/stm32f4xx_ll_sdmmc.o
                0x0000000008009670                SDMMC_CmdSetRelAdd
 .text.SDMMC_GetCmdResp7
                0x00000000080096a0       0x54 ./Drivers/STM32F4xx_HAL_Driver/Src/stm32f4xx_ll_sdmmc.o
                0x00000000080096a0                SDMMC_GetCmdResp7
 .text.SDMMC_CmdOperCond
                0x00000000080096f4       0x2e ./Drivers/STM32F4xx_HAL_Driver/Src/stm32f4xx_ll_sdmmc.o
                0x00000000080096f4                SDMMC_CmdOperCond
 *fill*         0x0000000008009722        0x2 
 .text.USB_CoreReset
                0x0000000008009724       0x4c ./Drivers/STM32F4xx_HAL_Driver/Src/stm32f4xx_ll_usb.o
 .text.USB_CoreInit
                0x0000000008009770       0x80 ./Drivers/STM32F4xx_HAL_Driver/Src/stm32f4xx_ll_usb.o
                0x0000000008009770                USB_CoreInit
 .text.USB_SetTurnaroundTime
                0x00000000080097f0       0xe0 ./Drivers/STM32F4xx_HAL_Driver/Src/stm32f4xx_ll_usb.o
                0x00000000080097f0                USB_SetTurnaroundTime
 .text.USB_EnableGlobalInt
                0x00000000080098d0        0xc ./Drivers/STM32F4xx_HAL_Driver/Src/stm32f4xx_ll_usb.o
                0x00000000080098d0                USB_EnableGlobalInt
 .text.USB_DisableGlobalInt
                0x00000000080098dc        0xc ./Drivers/STM32F4xx_HAL_Driver/Src/stm32f4xx_ll_usb.o
                0x00000000080098dc                USB_DisableGlobalInt
 .text.USB_SetCurrentMode
                0x00000000080098e8       0x60 ./Drivers/STM32F4xx_HAL_Driver/Src/stm32f4xx_ll_usb.o
                0x00000000080098e8                USB_SetCurrentMode
 .text.USB_FlushTxFifo
                0x0000000008009948       0x4c ./Drivers/STM32F4xx_HAL_Driver/Src/stm32f4xx_ll_usb.o
                0x0000000008009948                USB_FlushTxFifo
 .text.USB_FlushRxFifo
                0x0000000008009994       0x48 ./Drivers/STM32F4xx_HAL_Driver/Src/stm32f4xx_ll_usb.o
                0x0000000008009994                USB_FlushRxFifo
 .text.USB_SetDevSpeed
                0x00000000080099dc        0xe ./Drivers/STM32F4xx_HAL_Driver/Src/stm32f4xx_ll_usb.o
                0x00000000080099dc                USB_SetDevSpeed
 *fill*         0x00000000080099ea        0x2 
 .text.USB_DevInit
                0x00000000080099ec      0x170 ./Drivers/STM32F4xx_HAL_Driver/Src/stm32f4xx_ll_usb.o
                0x00000000080099ec                USB_DevInit
 .text.USB_GetDevSpeed
                0x0000000008009b5c       0x16 ./Drivers/STM32F4xx_HAL_Driver/Src/stm32f4xx_ll_usb.o
                0x0000000008009b5c                USB_GetDevSpeed
 .text.USB_ActivateEndpoint
                0x0000000008009b72       0x7c ./Drivers/STM32F4xx_HAL_Driver/Src/stm32f4xx_ll_usb.o
                0x0000000008009b72                USB_ActivateEndpoint
 *fill*         0x0000000008009bee        0x2 
 .text.USB_DeactivateEndpoint
                0x0000000008009bf0       0xac ./Drivers/STM32F4xx_HAL_Driver/Src/stm32f4xx_ll_usb.o
                0x0000000008009bf0                USB_DeactivateEndpoint
 .text.USB_EP0StartXfer
                0x0000000008009c9c       0xf8 ./Drivers/STM32F4xx_HAL_Driver/Src/stm32f4xx_ll_usb.o
                0x0000000008009c9c                USB_EP0StartXfer
 .text.USB_EPStopXfer
                0x0000000008009d94       0x84 ./Drivers/STM32F4xx_HAL_Driver/Src/stm32f4xx_ll_usb.o
                0x0000000008009d94                USB_EPStopXfer
 .text.USB_WritePacket
                0x0000000008009e18       0x26 ./Drivers/STM32F4xx_HAL_Driver/Src/stm32f4xx_ll_usb.o
                0x0000000008009e18                USB_WritePacket
 *fill*         0x0000000008009e3e        0x2 
 .text.USB_EPStartXfer
                0x0000000008009e40      0x1d8 ./Drivers/STM32F4xx_HAL_Driver/Src/stm32f4xx_ll_usb.o
                0x0000000008009e40                USB_EPStartXfer
 .text.USB_ReadPacket
                0x000000000800a018       0x40 ./Drivers/STM32F4xx_HAL_Driver/Src/stm32f4xx_ll_usb.o
                0x000000000800a018                USB_ReadPacket
 .text.USB_EPSetStall
                0x000000000800a058       0x56 ./Drivers/STM32F4xx_HAL_Driver/Src/stm32f4xx_ll_usb.o
                0x000000000800a058                USB_EPSetStall
 .text.USB_EPClearStall
                0x000000000800a0ae       0x52 ./Drivers/STM32F4xx_HAL_Driver/Src/stm32f4xx_ll_usb.o
                0x000000000800a0ae                USB_EPClearStall
 .text.USB_SetDevAddress
                0x000000000800a100       0x20 ./Drivers/STM32F4xx_HAL_Driver/Src/stm32f4xx_ll_usb.o
                0x000000000800a100                USB_SetDevAddress
 .text.USB_DevConnect
                0x000000000800a120       0x1c ./Drivers/STM32F4xx_HAL_Driver/Src/stm32f4xx_ll_usb.o
                0x000000000800a120                USB_DevConnect
 .text.USB_DevDisconnect
                0x000000000800a13c       0x1c ./Drivers/STM32F4xx_HAL_Driver/Src/stm32f4xx_ll_usb.o
                0x000000000800a13c                USB_DevDisconnect
 .text.USB_ReadInterrupts
                0x000000000800a158        0x8 ./Drivers/STM32F4xx_HAL_Driver/Src/stm32f4xx_ll_usb.o
                0x000000000800a158                USB_ReadInterrupts
 .text.USB_ReadDevAllOutEpInterrupt
                0x000000000800a160       0x10 ./Drivers/STM32F4xx_HAL_Driver/Src/stm32f4xx_ll_usb.o
                0x000000000800a160                USB_ReadDevAllOutEpInterrupt
 .text.USB_ReadDevAllInEpInterrupt
                0x000000000800a170       0x10 ./Drivers/STM32F4xx_HAL_Driver/Src/stm32f4xx_ll_usb.o
                0x000000000800a170                USB_ReadDevAllInEpInterrupt
 .text.USB_ReadDevOutEPInterrupt
                0x000000000800a180       0x12 ./Drivers/STM32F4xx_HAL_Driver/Src/stm32f4xx_ll_usb.o
                0x000000000800a180                USB_ReadDevOutEPInterrupt
 .text.USB_ReadDevInEPInterrupt
                0x000000000800a192       0x24 ./Drivers/STM32F4xx_HAL_Driver/Src/stm32f4xx_ll_usb.o
                0x000000000800a192                USB_ReadDevInEPInterrupt
 .text.USB_GetMode
                0x000000000800a1b6        0x8 ./Drivers/STM32F4xx_HAL_Driver/Src/stm32f4xx_ll_usb.o
                0x000000000800a1b6                USB_GetMode
 .text.USB_ActivateSetup
                0x000000000800a1be       0x20 ./Drivers/STM32F4xx_HAL_Driver/Src/stm32f4xx_ll_usb.o
                0x000000000800a1be                USB_ActivateSetup
 *fill*         0x000000000800a1de        0x2 
 .text.USB_EP0_OutStart
                0x000000000800a1e0       0x4c ./Drivers/STM32F4xx_HAL_Driver/Src/stm32f4xx_ll_usb.o
                0x000000000800a1e0                USB_EP0_OutStart
 .text.MX_FATFS_Init
                0x000000000800a22c       0x1c ./FATFS/App/fatfs.o
                0x000000000800a22c                MX_FATFS_Init
 .text.get_fattime
                0x000000000800a248        0x4 ./FATFS/App/fatfs.o
                0x000000000800a248                get_fattime
 .text.BSP_SD_ReadBlocks_DMA
                0x000000000800a24c       0x1c ./FATFS/Target/bsp_driver_sd.o
                0x000000000800a24c                BSP_SD_ReadBlocks_DMA
 .text.BSP_SD_WriteBlocks_DMA
                0x000000000800a268       0x1c ./FATFS/Target/bsp_driver_sd.o
                0x000000000800a268                BSP_SD_WriteBlocks_DMA
 .text.BSP_SD_GetCardState
                0x000000000800a284       0x14 ./FATFS/Target/bsp_driver_sd.o
                0x000000000800a284                BSP_SD_GetCardState
 .text.BSP_SD_GetCardInfo
                0x000000000800a298        0xc ./FATFS/Target/bsp_driver_sd.o
                0x000000000800a298                BSP_SD_GetCardInfo
 .text.BSP_SD_AbortCallback
                0x000000000800a2a4        0x2 ./FATFS/Target/bsp_driver_sd.o
                0x000000000800a2a4                BSP_SD_AbortCallback
 .text.HAL_SD_AbortCallback
                0x000000000800a2a6        0x8 ./FATFS/Target/bsp_driver_sd.o
                0x000000000800a2a6                HAL_SD_AbortCallback
 .text.HAL_SD_TxCpltCallback
                0x000000000800a2ae        0x8 ./FATFS/Target/bsp_driver_sd.o
                0x000000000800a2ae                HAL_SD_TxCpltCallback
 .text.HAL_SD_RxCpltCallback
                0x000000000800a2b6        0x8 ./FATFS/Target/bsp_driver_sd.o
                0x000000000800a2b6                HAL_SD_RxCpltCallback
 .text.BSP_SD_IsDetected
                0x000000000800a2be       0x1c ./FATFS/Target/bsp_driver_sd.o
                0x000000000800a2be                BSP_SD_IsDetected
 *fill*         0x000000000800a2da        0x2 
 .text.BSP_SD_Init
                0x000000000800a2dc       0x1c ./FATFS/Target/bsp_driver_sd.o
                0x000000000800a2dc                BSP_SD_Init
 .text.BSP_PlatformIsDetected
                0x000000000800a2f8       0x18 ./FATFS/Target/fatfs_platform.o
                0x000000000800a2f8                BSP_PlatformIsDetected
 .text.SD_ioctl
                0x000000000800a310       0x54 ./FATFS/Target/sd_diskio.o
                0x000000000800a310                SD_ioctl
 .text.SD_status
                0x000000000800a364       0x20 ./FATFS/Target/sd_diskio.o
                0x000000000800a364                SD_status
 .text.SD_CheckStatusWithTimeout.constprop.0
                0x000000000800a384       0x26 ./FATFS/Target/sd_diskio.o
 *fill*         0x000000000800a3aa        0x2 
 .text.SD_write
                0x000000000800a3ac       0x64 ./FATFS/Target/sd_diskio.o
                0x000000000800a3ac                SD_write
 .text.SD_read  0x000000000800a410       0x64 ./FATFS/Target/sd_diskio.o
                0x000000000800a410                SD_read
 .text.SD_initialize
                0x000000000800a474       0x68 ./FATFS/Target/sd_diskio.o
                0x000000000800a474                SD_initialize
 .text.BSP_SD_WriteCpltCallback
                0x000000000800a4dc       0x10 ./FATFS/Target/sd_diskio.o
                0x000000000800a4dc                BSP_SD_WriteCpltCallback
 .text.BSP_SD_ReadCpltCallback
                0x000000000800a4ec       0x10 ./FATFS/Target/sd_diskio.o
                0x000000000800a4ec                BSP_SD_ReadCpltCallback
 .text.USBD_CDC_EP0_RxReady
                0x000000000800a4fc       0x36 ./Middlewares/ST/STM32_USB_Device_Library/Class/CDC/Src/usbd_cdc.o
 *fill*         0x000000000800a532        0x2 
 .text.USBD_CDC_GetDeviceQualifierDescriptor
                0x000000000800a534        0xc ./Middlewares/ST/STM32_USB_Device_Library/Class/CDC/Src/usbd_cdc.o
                0x000000000800a534                USBD_CDC_GetDeviceQualifierDescriptor
 .text.USBD_CDC_GetFSCfgDesc
                0x000000000800a540       0x48 ./Middlewares/ST/STM32_USB_Device_Library/Class/CDC/Src/usbd_cdc.o
 .text.USBD_CDC_GetOtherSpeedCfgDesc
                0x000000000800a588        0x4 ./Middlewares/ST/STM32_USB_Device_Library/Class/CDC/Src/usbd_cdc.o
 .text.USBD_CDC_GetHSCfgDesc
                0x000000000800a58c       0x48 ./Middlewares/ST/STM32_USB_Device_Library/Class/CDC/Src/usbd_cdc.o
 .text.USBD_CDC_DataOut
                0x000000000800a5d4       0x38 ./Middlewares/ST/STM32_USB_Device_Library/Class/CDC/Src/usbd_cdc.o
 .text.USBD_CDC_DataIn
                0x000000000800a60c       0x68 ./Middlewares/ST/STM32_USB_Device_Library/Class/CDC/Src/usbd_cdc.o
 .text.USBD_CDC_Setup
                0x000000000800a674      0x108 ./Middlewares/ST/STM32_USB_Device_Library/Class/CDC/Src/usbd_cdc.o
 .text.USBD_CDC_DeInit
                0x000000000800a77c       0x5a ./Middlewares/ST/STM32_USB_Device_Library/Class/CDC/Src/usbd_cdc.o
 .text.USBD_CDC_Init
                0x000000000800a7d6       0xd2 ./Middlewares/ST/STM32_USB_Device_Library/Class/CDC/Src/usbd_cdc.o
 .text.USBD_CDC_RegisterInterface
                0x000000000800a8a8       0x16 ./Middlewares/ST/STM32_USB_Device_Library/Class/CDC/Src/usbd_cdc.o
                0x000000000800a8a8                USBD_CDC_RegisterInterface
 .text.USBD_CDC_SetTxBuffer
                0x000000000800a8be       0x1c ./Middlewares/ST/STM32_USB_Device_Library/Class/CDC/Src/usbd_cdc.o
                0x000000000800a8be                USBD_CDC_SetTxBuffer
 .text.USBD_CDC_SetRxBuffer
                0x000000000800a8da       0x18 ./Middlewares/ST/STM32_USB_Device_Library/Class/CDC/Src/usbd_cdc.o
                0x000000000800a8da                USBD_CDC_SetRxBuffer
 .text.USBD_CDC_TransmitPacket
                0x000000000800a8f2       0x36 ./Middlewares/ST/STM32_USB_Device_Library/Class/CDC/Src/usbd_cdc.o
                0x000000000800a8f2                USBD_CDC_TransmitPacket
 .text.USBD_CDC_ReceivePacket
                0x000000000800a928       0x34 ./Middlewares/ST/STM32_USB_Device_Library/Class/CDC/Src/usbd_cdc.o
                0x000000000800a928                USBD_CDC_ReceivePacket
 .text.USBD_Init
                0x000000000800a95c       0x26 ./Middlewares/ST/STM32_USB_Device_Library/Core/Src/usbd_core.o
                0x000000000800a95c                USBD_Init
 .text.USBD_RegisterClass
                0x000000000800a982       0x32 ./Middlewares/ST/STM32_USB_Device_Library/Core/Src/usbd_core.o
                0x000000000800a982                USBD_RegisterClass
 .text.USBD_Start
                0x000000000800a9b4        0x4 ./Middlewares/ST/STM32_USB_Device_Library/Core/Src/usbd_core.o
                0x000000000800a9b4                USBD_Start
 .text.USBD_SetClassConfig
                0x000000000800a9b8        0xe ./Middlewares/ST/STM32_USB_Device_Library/Core/Src/usbd_core.o
                0x000000000800a9b8                USBD_SetClassConfig
 .text.USBD_ClrClassConfig
                0x000000000800a9c6       0x12 ./Middlewares/ST/STM32_USB_Device_Library/Core/Src/usbd_core.o
                0x000000000800a9c6                USBD_ClrClassConfig
 .text.USBD_LL_SetupStage
                0x000000000800a9d8       0x60 ./Middlewares/ST/STM32_USB_Device_Library/Core/Src/usbd_core.o
                0x000000000800a9d8                USBD_LL_SetupStage
 .text.USBD_LL_DataOutStage
                0x000000000800aa38       0x6a ./Middlewares/ST/STM32_USB_Device_Library/Core/Src/usbd_core.o
                0x000000000800aa38                USBD_LL_DataOutStage
 .text.USBD_LL_DataInStage
                0x000000000800aaa2       0xae ./Middlewares/ST/STM32_USB_Device_Library/Core/Src/usbd_core.o
                0x000000000800aaa2                USBD_LL_DataInStage
 .text.USBD_LL_Reset
                0x000000000800ab50       0x5e ./Middlewares/ST/STM32_USB_Device_Library/Core/Src/usbd_core.o
                0x000000000800ab50                USBD_LL_Reset
 .text.USBD_LL_SetSpeed
                0x000000000800abae        0x6 ./Middlewares/ST/STM32_USB_Device_Library/Core/Src/usbd_core.o
                0x000000000800abae                USBD_LL_SetSpeed
 .text.USBD_LL_Suspend
                0x000000000800abb4       0x14 ./Middlewares/ST/STM32_USB_Device_Library/Core/Src/usbd_core.o
                0x000000000800abb4                USBD_LL_Suspend
 .text.USBD_LL_Resume
                0x000000000800abc8       0x16 ./Middlewares/ST/STM32_USB_Device_Library/Core/Src/usbd_core.o
                0x000000000800abc8                USBD_LL_Resume
 .text.USBD_LL_SOF
                0x000000000800abde       0x1a ./Middlewares/ST/STM32_USB_Device_Library/Core/Src/usbd_core.o
                0x000000000800abde                USBD_LL_SOF
 .text.USBD_LL_IsoINIncomplete
                0x000000000800abf8       0x28 ./Middlewares/ST/STM32_USB_Device_Library/Core/Src/usbd_core.o
                0x000000000800abf8                USBD_LL_IsoINIncomplete
 .text.USBD_LL_IsoOUTIncomplete
                0x000000000800ac20       0x28 ./Middlewares/ST/STM32_USB_Device_Library/Core/Src/usbd_core.o
                0x000000000800ac20                USBD_LL_IsoOUTIncomplete
 .text.USBD_LL_DevConnected
                0x000000000800ac48        0x4 ./Middlewares/ST/STM32_USB_Device_Library/Core/Src/usbd_core.o
                0x000000000800ac48                USBD_LL_DevConnected
 .text.USBD_LL_DevDisconnected
                0x000000000800ac4c       0x20 ./Middlewares/ST/STM32_USB_Device_Library/Core/Src/usbd_core.o
                0x000000000800ac4c                USBD_LL_DevDisconnected
 .text.USBD_CoreFindIF
                0x000000000800ac6c        0x4 ./Middlewares/ST/STM32_USB_Device_Library/Core/Src/usbd_core.o
                0x000000000800ac6c                USBD_CoreFindIF
 .text.USBD_CoreFindEP
                0x000000000800ac70        0x4 ./Middlewares/ST/STM32_USB_Device_Library/Core/Src/usbd_core.o
                0x000000000800ac70                USBD_CoreFindEP
 .text.USBD_GetEpDesc
                0x000000000800ac74       0x24 ./Middlewares/ST/STM32_USB_Device_Library/Core/Src/usbd_core.o
                0x000000000800ac74                USBD_GetEpDesc
 .text.USBD_CtlError.constprop.0
                0x000000000800ac98       0x16 ./Middlewares/ST/STM32_USB_Device_Library/Core/Src/usbd_ctlreq.o
 *fill*         0x000000000800acae        0x2 
 .text.USBD_StdDevReq
                0x000000000800acb0      0x2ac ./Middlewares/ST/STM32_USB_Device_Library/Core/Src/usbd_ctlreq.o
                0x000000000800acb0                USBD_StdDevReq
 .text.USBD_StdItfReq
                0x000000000800af5c       0x5e ./Middlewares/ST/STM32_USB_Device_Library/Core/Src/usbd_ctlreq.o
                0x000000000800af5c                USBD_StdItfReq
 .text.USBD_StdEPReq
                0x000000000800afba      0x13c ./Middlewares/ST/STM32_USB_Device_Library/Core/Src/usbd_ctlreq.o
                0x000000000800afba                USBD_StdEPReq
 .text.USBD_ParseSetupRequest
                0x000000000800b0f6       0x16 ./Middlewares/ST/STM32_USB_Device_Library/Core/Src/usbd_ctlreq.o
                0x000000000800b0f6                USBD_ParseSetupRequest
 .text.USBD_CtlError
                0x000000000800b10c       0x16 ./Middlewares/ST/STM32_USB_Device_Library/Core/Src/usbd_ctlreq.o
                0x000000000800b10c                USBD_CtlError
 .text.USBD_GetString
                0x000000000800b122       0x38 ./Middlewares/ST/STM32_USB_Device_Library/Core/Src/usbd_ctlreq.o
                0x000000000800b122                USBD_GetString
 .text.USBD_CtlSendData
                0x000000000800b15a       0x1a ./Middlewares/ST/STM32_USB_Device_Library/Core/Src/usbd_ioreq.o
                0x000000000800b15a                USBD_CtlSendData
 .text.USBD_CtlContinueSendData
                0x000000000800b174       0x10 ./Middlewares/ST/STM32_USB_Device_Library/Core/Src/usbd_ioreq.o
                0x000000000800b174                USBD_CtlContinueSendData
 .text.USBD_CtlPrepareRx
                0x000000000800b184       0x1a ./Middlewares/ST/STM32_USB_Device_Library/Core/Src/usbd_ioreq.o
                0x000000000800b184                USBD_CtlPrepareRx
 .text.USBD_CtlContinueRx
                0x000000000800b19e       0x10 ./Middlewares/ST/STM32_USB_Device_Library/Core/Src/usbd_ioreq.o
                0x000000000800b19e                USBD_CtlContinueRx
 .text.USBD_CtlSendStatus
                0x000000000800b1ae       0x16 ./Middlewares/ST/STM32_USB_Device_Library/Core/Src/usbd_ioreq.o
                0x000000000800b1ae                USBD_CtlSendStatus
 .text.USBD_CtlReceiveStatus
                0x000000000800b1c4       0x16 ./Middlewares/ST/STM32_USB_Device_Library/Core/Src/usbd_ioreq.o
                0x000000000800b1c4                USBD_CtlReceiveStatus
 *fill*         0x000000000800b1da        0x2 
 .text.disk_status
                0x000000000800b1dc       0x14 ./Middlewares/Third_Party/FatFs/src/diskio.o
                0x000000000800b1dc                disk_status
 .text.disk_initialize
                0x000000000800b1f0       0x20 ./Middlewares/Third_Party/FatFs/src/diskio.o
                0x000000000800b1f0                disk_initialize
 .text.disk_read
                0x000000000800b210       0x1c ./Middlewares/Third_Party/FatFs/src/diskio.o
                0x000000000800b210                disk_read
 .text.disk_write
                0x000000000800b22c       0x1c ./Middlewares/Third_Party/FatFs/src/diskio.o
                0x000000000800b22c                disk_write
 .text.disk_ioctl
                0x000000000800b248       0x1c ./Middlewares/Third_Party/FatFs/src/diskio.o
                0x000000000800b248                disk_ioctl
 .text.ld_dword
                0x000000000800b264        0x4 ./Middlewares/Third_Party/FatFs/src/ff.o
 .text.st_dword
                0x000000000800b268       0x10 ./Middlewares/Third_Party/FatFs/src/ff.o
 .text.mem_set  0x000000000800b278        0xc ./Middlewares/Third_Party/FatFs/src/ff.o
 .text.chk_lock
                0x000000000800b284       0x74 ./Middlewares/Third_Party/FatFs/src/ff.o
 .text.inc_lock
                0x000000000800b2f8       0x84 ./Middlewares/Third_Party/FatFs/src/ff.o
 .text.dec_lock
                0x000000000800b37c       0x3c ./Middlewares/Third_Party/FatFs/src/ff.o
 .text.clear_lock
                0x000000000800b3b8       0x1c ./Middlewares/Third_Party/FatFs/src/ff.o
 .text.clust2sect
                0x000000000800b3d4       0x16 ./Middlewares/Third_Party/FatFs/src/ff.o
 .text.clmt_clust
                0x000000000800b3ea       0x26 ./Middlewares/Third_Party/FatFs/src/ff.o
 .text.st_clust
                0x000000000800b410       0x18 ./Middlewares/Third_Party/FatFs/src/ff.o
 .text.sum_sfn  0x000000000800b428       0x1e ./Middlewares/Third_Party/FatFs/src/ff.o
 .text.get_ldnumber
                0x000000000800b446       0x30 ./Middlewares/Third_Party/FatFs/src/ff.o
 .text.get_fileinfo
                0x000000000800b476       0xea ./Middlewares/Third_Party/FatFs/src/ff.o
 .text.mem_cpy.part.0
                0x000000000800b560       0x12 ./Middlewares/Third_Party/FatFs/src/ff.o
 .text.sync_window.part.0
                0x000000000800b572       0x4c ./Middlewares/Third_Party/FatFs/src/ff.o
 .text.sync_window
                0x000000000800b5be        0xc ./Middlewares/Third_Party/FatFs/src/ff.o
 .text.move_window
                0x000000000800b5ca       0x32 ./Middlewares/Third_Party/FatFs/src/ff.o
 .text.check_fs
                0x000000000800b5fc       0x74 ./Middlewares/Third_Party/FatFs/src/ff.o
 .text.put_fat  0x000000000800b670      0x12a ./Middlewares/Third_Party/FatFs/src/ff.o
 .text.sync_fs  0x000000000800b79a       0x94 ./Middlewares/Third_Party/FatFs/src/ff.o
 .text.unlock_fs
                0x000000000800b82e       0x16 ./Middlewares/Third_Party/FatFs/src/ff.o
 .text.find_volume
                0x000000000800b844      0x2a4 ./Middlewares/Third_Party/FatFs/src/ff.o
 .text.ld_clust.isra.0
                0x000000000800bae8       0x10 ./Middlewares/Third_Party/FatFs/src/ff.o
 .text.get_fat.isra.0
                0x000000000800baf8       0xd6 ./Middlewares/Third_Party/FatFs/src/ff.o
 .text.remove_chain
                0x000000000800bbce       0x70 ./Middlewares/Third_Party/FatFs/src/ff.o
 .text.create_chain
                0x000000000800bc3e       0xb0 ./Middlewares/Third_Party/FatFs/src/ff.o
 .text.dir_sdi  0x000000000800bcee       0x88 ./Middlewares/Third_Party/FatFs/src/ff.o
 .text.dir_next
                0x000000000800bd76       0xfc ./Middlewares/Third_Party/FatFs/src/ff.o
 *fill*         0x000000000800be72        0x2 
 .text.dir_find
                0x000000000800be74      0x160 ./Middlewares/Third_Party/FatFs/src/ff.o
 .text.dir_register
                0x000000000800bfd4      0x284 ./Middlewares/Third_Party/FatFs/src/ff.o
 .text.follow_path
                0x000000000800c258      0x268 ./Middlewares/Third_Party/FatFs/src/ff.o
 .text.validate
                0x000000000800c4c0       0x50 ./Middlewares/Third_Party/FatFs/src/ff.o
 .text.f_mount  0x000000000800c510       0x80 ./Middlewares/Third_Party/FatFs/src/ff.o
                0x000000000800c510                f_mount
 .text.f_open   0x000000000800c590      0x218 ./Middlewares/Third_Party/FatFs/src/ff.o
                0x000000000800c590                f_open
 .text.f_write  0x000000000800c7a8      0x1ba ./Middlewares/Third_Party/FatFs/src/ff.o
                0x000000000800c7a8                f_write
 .text.f_sync   0x000000000800c962       0x76 ./Middlewares/Third_Party/FatFs/src/ff.o
                0x000000000800c962                f_sync
 .text.f_close  0x000000000800c9d8       0x32 ./Middlewares/Third_Party/FatFs/src/ff.o
                0x000000000800c9d8                f_close
 .text.f_stat   0x000000000800ca0a       0x68 ./Middlewares/Third_Party/FatFs/src/ff.o
                0x000000000800ca0a                f_stat
 *fill*         0x000000000800ca72        0x2 
 .text.FATFS_LinkDriverEx
                0x000000000800ca74       0x40 ./Middlewares/Third_Party/FatFs/src/ff_gen_drv.o
                0x000000000800ca74                FATFS_LinkDriverEx
 .text.FATFS_LinkDriver
                0x000000000800cab4        0x6 ./Middlewares/Third_Party/FatFs/src/ff_gen_drv.o
                0x000000000800cab4                FATFS_LinkDriver
 *fill*         0x000000000800caba        0x2 
 .text.FATFS_UnLinkDriverEx
                0x000000000800cabc       0x30 ./Middlewares/Third_Party/FatFs/src/ff_gen_drv.o
                0x000000000800cabc                FATFS_UnLinkDriverEx
 .text.FATFS_UnLinkDriver
                0x000000000800caec        0x6 ./Middlewares/Third_Party/FatFs/src/ff_gen_drv.o
                0x000000000800caec                FATFS_UnLinkDriver
 *fill*         0x000000000800caf2        0x2 
 .text.ff_convert
                0x000000000800caf4       0x3c ./Middlewares/Third_Party/FatFs/src/option/ccsbcs.o
                0x000000000800caf4                ff_convert
 .text.ff_wtoupper
                0x000000000800cb30       0x84 ./Middlewares/Third_Party/FatFs/src/option/ccsbcs.o
                0x000000000800cb30                ff_wtoupper
 .text.ff_cre_syncobj