../Core/Src/ADXL345.c:24:6:regWrite	24	static
../Core/Src/ADXL345.c:45:6:regRead	24	static
../Core/Src/ADXL345.c:63:13:ADXL345_Init	16	static
../Core/Src/ADXL345.c:154:9:ADXL345_GetValue	16	static
../Core/Src/ADXL345.c:173:7:ADXL345_GetGValue	8	static
../Core/Src/ADXL345.c:189:6:ADXL345_MeasureON	16	static
../Core/Src/ADXL345.c:206:6:ADXL345_StandbyON	16	static
../Core/Src/ADXL345.c:223:6:ADXL345_SleepON	16	static
../Core/Src/ADXL345.c:246:6:ADXL345_Offset	16	static
../Core/Src/ADXL345.c:264:6:ADXL345_TapStatus	24	static
../Core/Src/ADXL345.c:303:6:ADXL345_SingleTapConfig	16	static
../Core/Src/ADXL345.c:325:6:ADXL345_DoubleTapConfig	24	static
../Core/Src/ADXL345.c:349:6:ADXL345_ActInactStatus	16	static
../Core/Src/ADXL345.c:395:6:ADXL345_ActivityConfig	24	static
../Core/Src/ADXL345.c:420:6:ADXL345_InactivityConfig	32	static
../Core/Src/ADXL345.c:445:6:ADXL345_FreeFallConfig	16	static
../Core/Src/ADXL345.c:464:6:ADXL345_INTEnable	16	static
../Core/Src/ADXL345.c:502:6:ADXL345_INTMapping	24	static
../Core/Src/ADXL345.c:542:12:ADXL345_INTRead	16	static
../Core/Src/ADXL345.c:565:6:ADXL345_SelfTestStatus	16	static
../Core/Src/ADXL345.c:588:9:I2C_ModulAdress_Scan	16	static
