../Core/Src/File_Handling.c:30:6:Send_Uart	0	static
../Core/Src/File_Handling.c:37:9:Mount_SD	8	static
../Core/Src/File_Handling.c:46:6:Unmount_SD	8	static
../Core/Src/File_Handling.c:54:9:Scan_SD	96	static
../Core/Src/File_Handling.c:96:9:Format_SD	80	static
../Core/Src/File_Handling.c:129:9:Write_File	24	static
../Core/Src/File_Handling.c:188:9:Read_File	24	static
../Core/Src/File_Handling.c:255:9:Create_File	24	static
../Core/Src/File_Handling.c:304:9:Update_File	24	static
../Core/Src/File_Handling.c:368:9:Remove_File	24	static
../Core/Src/File_Handling.c:403:9:Create_Dir	24	static
../Core/Src/File_Handling.c:423:6:Check_SD_Space	24	static
