../Core/Src/lora_sx1276.c:111:13:write_register	24	static
../Core/Src/lora_sx1276.c:88:16:read_register	24	static
../Core/Src/lora_sx1276.c:203:13:set_low_data_rate_optimization	16	static
../Core/Src/lora_sx1276.c:221:6:lora_mode_sleep	0	static
../Core/Src/lora_sx1276.c:243:6:lora_mode_receive_single	8	static
../Core/Src/lora_sx1276.c:255:6:lora_mode_standby	0	static
../Core/Src/lora_sx1276.c:262:6:lora_set_implicit_header_mode	8	static
../Core/Src/lora_sx1276.c:271:6:lora_set_explicit_header_mode	8	static
../Core/Src/lora_sx1276.c:228:6:lora_mode_receive_continuous	8	static
../Core/Src/lora_sx1276.c:280:6:lora_set_tx_power	16	static
../Core/Src/lora_sx1276.c:329:6:lora_set_frequency	16	static
../Core/Src/lora_sx1276.c:341:8:lora_packet_rssi	8	static
../Core/Src/lora_sx1276.c:350:9:lora_packet_snr	8	static
../Core/Src/lora_sx1276.c:359:6:lora_set_signal_bandwidth	16	static
../Core/Src/lora_sx1276.c:373:6:lora_set_spreading_factor	16	static
../Core/Src/lora_sx1276.c:399:6:lora_set_crc	16	static
../Core/Src/lora_sx1276.c:414:6:lora_set_coding_rate	16	static
../Core/Src/lora_sx1276.c:425:6:lora_set_preamble_length	16	static
../Core/Src/lora_sx1276.c:433:9:lora_version	0	static
../Core/Src/lora_sx1276.c:440:9:lora_is_transmitting	8	static
../Core/Src/lora_sx1276.c:490:7:lora_send_packet_dma_complete	8	static
../Core/Src/lora_sx1276.c:522:6:lora_set_rx_symbol_timeout	16	static
../Core/Src/lora_sx1276.c:542:9:lora_is_packet_available	8	static
../Core/Src/lora_sx1276.c:552:9:lora_pending_packet_length	8	static
../Core/Src/lora_sx1276.c:568:16:lora_receive_packet_base.constprop	40	static
../Core/Src/lora_sx1276.c:615:9:lora_receive_packet	0	static
../Core/Src/lora_sx1276.c:620:9:lora_receive_packet_dma_start	0	static
../Core/Src/lora_sx1276.c:625:6:lora_receive_packet_dma_complete	0	static
../Core/Src/lora_sx1276.c:631:9:lora_receive_packet_blocking	32	static
../Core/Src/lora_sx1276.c:650:6:lora_enable_interrupt_rx_done	0	static
../Core/Src/lora_sx1276.c:658:6:lora_enable_interrupt_tx_done	0	static
../Core/Src/lora_sx1276.c:666:6:lora_clear_interrupt_tx_done	0	static
../Core/Src/lora_sx1276.c:449:16:lora_send_packet_base	32	static
../Core/Src/lora_sx1276.c:479:9:lora_send_packet	0	static
../Core/Src/lora_sx1276.c:498:9:lora_send_packet_blocking	24	static
../Core/Src/lora_sx1276.c:484:9:lora_send_packet_dma_start	0	static
../Core/Src/lora_sx1276.c:671:6:lora_clear_interrupt_rx_all	0	static
../Core/Src/lora_sx1276.c:677:9:lora_init	24	static
