../Core/Src/MPU9250.c:97:13:MPU9250_OnActivate	0	static
../Core/Src/MPU9250.c:112:9:SPIx_WriteRead	32	static
../Core/Src/MPU9250.c:125:6:MPU_SPI_Write	16	static
../Core/Src/MPU9250.c:138:6:MPU_SPI_Read	32	static
../Core/Src/MPU9250.c:148:6:writeRegister	24	static
../Core/Src/MPU9250.c:159:6:readRegisters	40	static
../Core/Src/MPU9250.c:166:6:writeAK8963Register	16	static
../Core/Src/MPU9250.c:182:6:readAK8963Registers	24	static
../Core/Src/MPU9250.c:218:9:MPU9250_Init	8	static
../Core/Src/MPU9250.c:314:6:MPU9250_SetAccelRange	0	static
../Core/Src/MPU9250.c:320:6:MPU9250_SetGyroRange	0	static
../Core/Src/MPU9250.c:326:6:MPU9250_SetDLPFBandwidth	16	static
../Core/Src/MPU9250.c:333:6:MPU9250_SetSampleRateDivider	8	static
../Core/Src/MPU9250.c:376:6:MPU9250_GetData	24	static
