../Core/Src/onewire.c:23:6:ONEWIRE_DELAY	0	static
../Core/Src/onewire.c:28:6:ONEWIRE_LOW	0	static
../Core/Src/onewire.c:32:6:ONEWIRE_HIGH	0	static
../Core/Src/onewire.c:36:6:ONEWIRE_INPUT	32	static
../Core/Src/onewire.c:45:6:ONEWIRE_OUTPUT	32	static
../Core/Src/onewire.c:55:6:OneWire_Init	16	static
../Core/Src/onewire.c:70:16:OneWire_Reset	8	static
../Core/Src/onewire.c:91:13:OneWire_WriteBit	8	static
../Core/Src/onewire.c:124:16:OneWire_ReadBit	8	static
../Core/Src/onewire.c:150:6:OneWire_WriteByte	16	static
../Core/Src/onewire.c:160:9:OneWire_ReadByte	16	static
../Core/Src/onewire.c:183:6:OneWire_ResetSearch	0	static
../Core/Src/onewire.c:190:9:OneWire_Search	40	static
../Core/Src/onewire.c:170:9:OneWire_First	0	static
../Core/Src/onewire.c:178:9:OneWire_Next	0	static
../Core/Src/onewire.c:303:5:OneWire_Verify	32	static
../Core/Src/onewire.c:343:6:OneWire_TargetSetup	0	static
../Core/Src/onewire.c:357:6:OneWire_FamilySkipSetup	0	static
../Core/Src/onewire.c:368:9:OneWire_GetROM	0	static
../Core/Src/onewire.c:372:6:OneWire_Select	16	static
../Core/Src/onewire.c:381:6:OneWire_SelectWithPointer	0	static
../Core/Src/onewire.c:390:6:OneWire_GetFullROM	0	static
../Core/Src/onewire.c:397:9:OneWire_CRC8	12	static
