../Core/Src/stm32f4xx_hal_msp.c:72:6:HAL_MspInit	8	static
../Core/Src/stm32f4xx_hal_msp.c:96:6:HAL_ADC_MspInit	48	static
../Core/Src/stm32f4xx_hal_msp.c:153:6:HAL_ADC_MspDeInit	8	static
../Core/Src/stm32f4xx_hal_msp.c:188:6:HAL_I2C_MspInit	48	static
../Core/Src/stm32f4xx_hal_msp.c:224:6:HAL_I2C_MspDeInit	8	static
../Core/Src/stm32f4xx_hal_msp.c:255:6:HAL_SD_MspInit	64	static
../Core/Src/stm32f4xx_hal_msp.c:353:6:HAL_SD_MspDeInit	8	static
../Core/Src/stm32f4xx_hal_msp.c:391:6:HAL_SPI_MspInit	40	static
../Core/Src/stm32f4xx_hal_msp.c:428:6:HAL_SPI_MspDeInit	0	static
../Core/Src/stm32f4xx_hal_msp.c:458:6:HAL_TIM_PWM_MspInit	8	static
../Core/Src/stm32f4xx_hal_msp.c:480:6:HAL_TIM_Base_MspInit	16	static
../Core/Src/stm32f4xx_hal_msp.c:499:6:HAL_TIM_MspPostInit	32	static
../Core/Src/stm32f4xx_hal_msp.c:532:6:HAL_TIM_PWM_MspDeInit	0	static
../Core/Src/stm32f4xx_hal_msp.c:554:6:HAL_TIM_Base_MspDeInit	0	static
../Core/Src/stm32f4xx_hal_msp.c:579:6:HAL_UART_MspInit	48	static
../Core/Src/stm32f4xx_hal_msp.c:637:6:HAL_UART_MspDeInit	8	static
