../Core/Src/stm32f4xx_it.c:78:6:NMI_Handler	0	static
../Core/Src/stm32f4xx_it.c:93:6:HardFault_Handler	0	static
../Core/Src/stm32f4xx_it.c:108:6:MemManage_Handler	0	static
../Core/Src/stm32f4xx_it.c:123:6:BusFault_Handler	0	static
../Core/Src/stm32f4xx_it.c:138:6:UsageFault_Handler	0	static
../Core/Src/stm32f4xx_it.c:153:6:DebugMon_Handler	0	static
../Core/Src/stm32f4xx_it.c:173:6:EXTI4_IRQHandler	0	static
../Core/Src/stm32f4xx_it.c:187:6:TIM1_UP_TIM10_IRQHandler	8	static
../Core/Src/stm32f4xx_it.c:202:6:USART1_IRQHandler	0	static
../Core/Src/stm32f4xx_it.c:216:6:SDIO_IRQHandler	0	static
../Core/Src/stm32f4xx_it.c:230:6:DMA2_Stream0_IRQHandler	0	static
../Core/Src/stm32f4xx_it.c:244:6:DMA2_Stream2_IRQHandler	0	static
../Core/Src/stm32f4xx_it.c:258:6:DMA2_Stream3_IRQHandler	0	static
../Core/Src/stm32f4xx_it.c:272:6:OTG_FS_IRQHandler	0	static
../Core/Src/stm32f4xx_it.c:286:6:DMA2_Stream6_IRQHandler	0	static
