../Core/Src/main.c:108:5:main	48	static
../Core/Src/main.c:172:6:SystemClock_Config	88	static
../Core/Src/main.c:218:13:MX_I2C1_Init	8	static
../Core/Src/main.c:252:13:MX_SDIO_SD_Init	4	static
../Core/Src/main.c:280:13:MX_SPI1_Init	8	static
../Core/Src/main.c:318:13:MX_TIM10_Init	8	static
../Core/Src/main.c:349:13:MX_USART1_UART_Init	8	static
../Core/Src/main.c:380:13:MX_DMA_Init	16	static
../Core/Src/main.c:398:13:MX_GPIO_Init	48	static
../Core/Src/main.c:445:5:_write	24	static
../Core/Src/main.c:462:6:NMEA_Handler	32	static
../Core/Src/main.c:596:6:Error_Handler	4	static,ignoring_inline_asm
