../Core/Src/MS5611.c:23:10:readADC	24	static
../Core/Src/MS5611.c:35:6:reset	8	static
../Core/Src/MS5611.c:40:6:readProm	16	static
../Core/Src/MS5611.c:47:9:meas	328	static
../Core/Src/MS5611.c:109:20:MS_Activate	8	static
../Core/Src/MS5611.c:114:20:MS_Deactivate	8	static
../Core/Src/MS5611.c:119:9:MSSPIx_WriteRead	32	static
../Core/Src/MS5611.c:132:6:MS_SPI_Write	16	static
../Core/Src/MS5611.c:145:6:MS_SPI_Read	24	static
../Core/Src/MS5611.c:155:6:MSwriteRegister	16	static
../Core/Src/MS5611.c:162:6:MSreadRegisters	16	static
